../../../Middlewares/ST/AI/Npu/ll_aton_NN_interface.h:494:32:LL_Buffer_addr_base	24	static
../../../Middlewares/ST/AI/Npu/ll_aton_NN_interface.h:504:32:LL_Buffer_addr_start	16	static
../../../Middlewares/ST/AI/Npu/ll_aton_NN_interface.h:509:32:LL_Buffer_addr_end	16	static
../../../Middlewares/ST/AI/Npu/ll_aton_NN_interface.h:519:26:LL_Buffer_len	16	static
../../../Drivers/CMSIS/Include/m-profile/armv8m_pmu.h:222:22:ARM_PMU_CYCCNT_Reset	4	static
../../../Drivers/CMSIS/Include/m-profile/armv8m_pmu.h:263:26:ARM_PMU_Get_CCNTR	4	static
../../../Middlewares/ST/AI/Npu/ll_aton_caches_interface.h:73:22:LL_ATON_Cache_MCU_Invalidate_Range	16	static
../../../Middlewares/ST/AI/Npu/ll_aton_caches_interface.h:94:22:LL_ATON_Cache_MCU_Clean_Invalidate_Range	16	static
C:/Users/kth59/.stm32cubeaistudio/workspace/ANN_GMPPT/.ai/run/run-1/Middlewares/ST/AI/Validation/Src/ai_wrapper_ATON_ST_AI.c:57:5:npu_cache_counters_enable	4	static
C:/Users/kth59/.stm32cubeaistudio/workspace/ANN_GMPPT/.ai/run/run-1/Middlewares/ST/AI/Validation/Src/ai_wrapper_ATON_ST_AI.c:67:5:npu_cache_counters_disable	4	static
C:/Users/kth59/.stm32cubeaistudio/workspace/ANN_GMPPT/.ai/run/run-1/Middlewares/ST/AI/Validation/Src/ai_wrapper_ATON_ST_AI.c:76:5:npu_cache_counters_get	24	static
C:/Users/kth59/.stm32cubeaistudio/workspace/ANN_GMPPT/.ai/run/run-1/Middlewares/ST/AI/Validation/Src/ai_wrapper_ATON_ST_AI.c:175:10:get_ll_buffer_size	16	static
C:/Users/kth59/.stm32cubeaistudio/workspace/ANN_GMPPT/.ai/run/run-1/Middlewares/ST/AI/Validation/Src/ai_wrapper_ATON_ST_AI.c:180:10:get_ll_element_size	16	static
C:/Users/kth59/.stm32cubeaistudio/workspace/ANN_GMPPT/.ai/run/run-1/Middlewares/ST/AI/Validation/Src/ai_wrapper_ATON_ST_AI.c:189:29:_get_nn_instance	16	static
C:/Users/kth59/.stm32cubeaistudio/workspace/ANN_GMPPT/.ai/run/run-1/Middlewares/ST/AI/Validation/Src/ai_wrapper_ATON_ST_AI.c:261:17:_get_nn_params_size	32	static
C:/Users/kth59/.stm32cubeaistudio/workspace/ANN_GMPPT/.ai/run/run-1/Middlewares/ST/AI/Validation/Src/ai_wrapper_ATON_ST_AI.c:290:17:_get_used_size_from_region	48	static
C:/Users/kth59/.stm32cubeaistudio/workspace/ANN_GMPPT/.ai/run/run-1/Middlewares/ST/AI/Validation/Src/ai_wrapper_ATON_ST_AI.c:329:17:_get_nn_activations_size	40	static
C:/Users/kth59/.stm32cubeaistudio/workspace/ANN_GMPPT/.ai/run/run-1/Middlewares/ST/AI/Validation/Src/ai_wrapper_ATON_ST_AI.c:380:17:_get_nn_epochs_num	32	static
C:/Users/kth59/.stm32cubeaistudio/workspace/ANN_GMPPT/.ai/run/run-1/Middlewares/ST/AI/Validation/Src/ai_wrapper_ATON_ST_AI.c:403:13:_populate_nn_info	48	static
C:/Users/kth59/.stm32cubeaistudio/workspace/ANN_GMPPT/.ai/run/run-1/Middlewares/ST/AI/Validation/Src/ai_wrapper_ATON_ST_AI.c:551:6:_dump_streng_counters	40	static
C:/Users/kth59/.stm32cubeaistudio/workspace/ANN_GMPPT/.ai/run/run-1/Middlewares/ST/AI/Validation/Src/ai_wrapper_ATON_ST_AI.c:563:22:_init_npu_free_counter	24	static
C:/Users/kth59/.stm32cubeaistudio/workspace/ANN_GMPPT/.ai/run/run-1/Middlewares/ST/AI/Validation/Src/ai_wrapper_ATON_ST_AI.c:576:22:_reset_npu_free_counter	24	static
C:/Users/kth59/.stm32cubeaistudio/workspace/ANN_GMPPT/.ai/run/run-1/Middlewares/ST/AI/Validation/Src/ai_wrapper_ATON_ST_AI.c:584:22:_deinit_npu_free_counter	8	static
C:/Users/kth59/.stm32cubeaistudio/workspace/ANN_GMPPT/.ai/run/run-1/Middlewares/ST/AI/Validation/Src/ai_wrapper_ATON_ST_AI.c:589:26:_get_cycles_npu_free_counter	16	static
C:/Users/kth59/.stm32cubeaistudio/workspace/ANN_GMPPT/.ai/run/run-1/Middlewares/ST/AI/Validation/Src/ai_wrapper_ATON_ST_AI.c:597:13:_npu_counters_PRE_START	24	static
C:/Users/kth59/.stm32cubeaistudio/workspace/ANN_GMPPT/.ai/run/run-1/Middlewares/ST/AI/Validation/Src/ai_wrapper_ATON_ST_AI.c:704:13:_npu_counters_POST_START	16	static
C:/Users/kth59/.stm32cubeaistudio/workspace/ANN_GMPPT/.ai/run/run-1/Middlewares/ST/AI/Validation/Src/ai_wrapper_ATON_ST_AI.c:710:13:_npu_counters_PRE_END	24	static
C:/Users/kth59/.stm32cubeaistudio/workspace/ANN_GMPPT/.ai/run/run-1/Middlewares/ST/AI/Validation/Src/ai_wrapper_ATON_ST_AI.c:715:13:_npu_counters_POST_END	24	static
C:/Users/kth59/.stm32cubeaistudio/workspace/ANN_GMPPT/.ai/run/run-1/Middlewares/ST/AI/Validation/Src/ai_wrapper_ATON_ST_AI.c:765:13:_rt_callback	56	static
C:/Users/kth59/.stm32cubeaistudio/workspace/ANN_GMPPT/.ai/run/run-1/Middlewares/ST/AI/Validation/Src/ai_wrapper_ATON_ST_AI.c:785:13:_epoch_callback	152	static
C:/Users/kth59/.stm32cubeaistudio/workspace/ANN_GMPPT/.ai/run/run-1/Middlewares/ST/AI/Validation/Src/ai_wrapper_ATON_ST_AI.c:860:13:_npu_internal_reset	16	static
C:/Users/kth59/.stm32cubeaistudio/workspace/ANN_GMPPT/.ai/run/run-1/Middlewares/ST/AI/Validation/Src/ai_wrapper_ATON_ST_AI.c:873:13:_prepare_input_buffers	40	static
C:/Users/kth59/.stm32cubeaistudio/workspace/ANN_GMPPT/.ai/run/run-1/Middlewares/ST/AI/Validation/Src/ai_wrapper_ATON_ST_AI.c:893:13:_prepare_output_buffers	16	static
C:/Users/kth59/.stm32cubeaistudio/workspace/ANN_GMPPT/.ai/run/run-1/Middlewares/ST/AI/Validation/Src/ai_wrapper_ATON_ST_AI.c:898:13:_force_clean_cache_subsystem	16	static
C:/Users/kth59/.stm32cubeaistudio/workspace/ANN_GMPPT/.ai/run/run-1/Middlewares/ST/AI/Validation/Src/ai_wrapper_ATON_ST_AI.c:922:5:npu_get_instance_by_index	16	static
C:/Users/kth59/.stm32cubeaistudio/workspace/ANN_GMPPT/.ai/run/run-1/Middlewares/ST/AI/Validation/Src/ai_wrapper_ATON_ST_AI.c:952:30:npu_get_input_buffers_info	32	static
C:/Users/kth59/.stm32cubeaistudio/workspace/ANN_GMPPT/.ai/run/run-1/Middlewares/ST/AI/Validation/Src/ai_wrapper_ATON_ST_AI.c:996:30:npu_get_output_buffers_info	32	static
C:/Users/kth59/.stm32cubeaistudio/workspace/ANN_GMPPT/.ai/run/run-1/Middlewares/ST/AI/Validation/Src/ai_wrapper_ATON_ST_AI.c:1040:30:npu_get_internal_buffers_info	24	static
C:/Users/kth59/.stm32cubeaistudio/workspace/ANN_GMPPT/.ai/run/run-1/Middlewares/ST/AI/Validation/Src/ai_wrapper_ATON_ST_AI.c:1064:5:npu_set_callback	16	static
C:/Users/kth59/.stm32cubeaistudio/workspace/ANN_GMPPT/.ai/run/run-1/Middlewares/ST/AI/Validation/Src/ai_wrapper_ATON_ST_AI.c:1082:5:npu_init	24	static
C:/Users/kth59/.stm32cubeaistudio/workspace/ANN_GMPPT/.ai/run/run-1/Middlewares/ST/AI/Validation/Src/ai_wrapper_ATON_ST_AI.c:1125:5:npu_run	120	static,ignoring_inline_asm
