../../../Middlewares/ST/AI/Npu/ll_aton_NN_interface.h:452:22:EpochBlock_IsEpochBlob	16	static
../../../Middlewares/ST/AI/Npu/ll_aton_NN_interface.h:462:22:EpochBlock_IsEpochPureSW	16	static
../../../Middlewares/ST/AI/Npu/ll_aton_NN_interface.h:472:22:EpochBlock_IsEpochHybrid	16	static
../../../Middlewares/ST/AI/Npu/ll_aton_NN_interface.h:477:22:EpochBlock_IsEpochInternal	16	static
../../../Middlewares/ST/AI/Npu/ll_aton_NN_interface.h:494:32:LL_Buffer_addr_base	24	static
../../../Middlewares/ST/AI/Npu/ll_aton_NN_interface.h:504:32:LL_Buffer_addr_start	16	static
../../../Middlewares/ST/AI/Npu/ll_aton_NN_interface.h:509:32:LL_Buffer_addr_end	16	static
../../../Middlewares/ST/AI/Npu/ll_aton_NN_interface.h:519:26:LL_Buffer_len	16	static
../../../Drivers/CMSIS/Include/m-profile/armv8m_pmu.h:222:22:ARM_PMU_CYCCNT_Reset	4	static
../../../Drivers/CMSIS/Include/m-profile/armv8m_pmu.h:263:26:ARM_PMU_Get_CCNTR	4	static
../../../Middlewares/ST/AI/Misc/Inc/aiTestUtility.h:321:22:cyclesCounterInit	40	static
C:/Users/kth59/.stm32cubeaistudio/workspace/ANN_GMPPT/.ai/run/run-1/Middlewares/ST/AI/Validation/Src/aiValidation_ATON_ST_AI.c:154:6:_print_debug	28	static
C:/Users/kth59/.stm32cubeaistudio/workspace/ANN_GMPPT/.ai/run/run-1/Middlewares/ST/AI/Validation/Src/aiValidation_ATON_ST_AI.c:191:13:_is_ll_buffer_valid	32	static
C:/Users/kth59/.stm32cubeaistudio/workspace/ANN_GMPPT/.ai/run/run-1/Middlewares/ST/AI/Validation/Src/aiValidation_ATON_ST_AI.c:206:17:set_ai_buffer_format	24	static
C:/Users/kth59/.stm32cubeaistudio/workspace/ANN_GMPPT/.ai/run/run-1/Middlewares/ST/AI/Validation/Src/aiValidation_ATON_ST_AI.c:237:13:encode_buffer_to_tensor_desc	32	static
C:/Users/kth59/.stm32cubeaistudio/workspace/ANN_GMPPT/.ai/run/run-1/Middlewares/ST/AI/Validation/Src/aiValidation_ATON_ST_AI.c:258:13:fill_tensor_desc_msg	32	static
C:/Users/kth59/.stm32cubeaistudio/workspace/ANN_GMPPT/.ai/run/run-1/Middlewares/ST/AI/Validation/Src/aiValidation_ATON_ST_AI.c:296:13:encode_ll_buffer_to_tensor_desc	40	static
C:/Users/kth59/.stm32cubeaistudio/workspace/ANN_GMPPT/.ai/run/run-1/Middlewares/ST/AI/Validation/Src/aiValidation_ATON_ST_AI.c:311:17:_stai_compiler_id_to	16	static
C:/Users/kth59/.stm32cubeaistudio/workspace/ANN_GMPPT/.ai/run/run-1/Middlewares/ST/AI/Validation/Src/aiValidation_ATON_ST_AI.c:337:17:_stai_version_to_uint32	16	static
C:/Users/kth59/.stm32cubeaistudio/workspace/ANN_GMPPT/.ai/run/run-1/Middlewares/ST/AI/Validation/Src/aiValidation_ATON_ST_AI.c:345:13:send_model_info	192	static
C:/Users/kth59/.stm32cubeaistudio/workspace/ANN_GMPPT/.ai/run/run-1/Middlewares/ST/AI/Validation/Src/aiValidation_ATON_ST_AI.c:432:13:receive_ai_io_tensor	72	static
C:/Users/kth59/.stm32cubeaistudio/workspace/ANN_GMPPT/.ai/run/run-1/Middlewares/ST/AI/Validation/Src/aiValidation_ATON_ST_AI.c:478:13:send_ai_io_tensor	64	static
C:/Users/kth59/.stm32cubeaistudio/workspace/ANN_GMPPT/.ai/run/run-1/Middlewares/ST/AI/Validation/Src/aiValidation_ATON_ST_AI.c:535:29:aiExecCtx	32	static
C:/Users/kth59/.stm32cubeaistudio/workspace/ANN_GMPPT/.ai/run/run-1/Middlewares/ST/AI/Validation/Src/aiValidation_ATON_ST_AI.c:569:13:print_ll_io_buffer	80	static
C:/Users/kth59/.stm32cubeaistudio/workspace/ANN_GMPPT/.ai/run/run-1/Middlewares/ST/AI/Validation/Src/aiValidation_ATON_ST_AI.c:611:12:aiBootstrap	88	static
C:/Users/kth59/.stm32cubeaistudio/workspace/ANN_GMPPT/.ai/run/run-1/Middlewares/ST/AI/Validation/Src/aiValidation_ATON_ST_AI.c:666:13:_buffer_is_filtered	24	static
C:/Users/kth59/.stm32cubeaistudio/workspace/ANN_GMPPT/.ai/run/run-1/Middlewares/ST/AI/Validation/Src/aiValidation_ATON_ST_AI.c:681:9:_find_cdt_ll_buffers	48	static
C:/Users/kth59/.stm32cubeaistudio/workspace/ANN_GMPPT/.ai/run/run-1/Middlewares/ST/AI/Validation/Src/aiValidation_ATON_ST_AI.c:724:6:_log_counters	128	static
C:/Users/kth59/.stm32cubeaistudio/workspace/ANN_GMPPT/.ai/run/run-1/Middlewares/ST/AI/Validation/Src/aiValidation_ATON_ST_AI.c:857:17:_get_node_type	40	static
C:/Users/kth59/.stm32cubeaistudio/workspace/ANN_GMPPT/.ai/run/run-1/Middlewares/ST/AI/Validation/Src/aiValidation_ATON_ST_AI.c:916:6:npu_dump_tensors_cb	168	static
C:/Users/kth59/.stm32cubeaistudio/workspace/ANN_GMPPT/.ai/run/run-1/Middlewares/ST/AI/Validation/Src/aiValidation_ATON_ST_AI.c:1025:13:aiDone	16	static
C:/Users/kth59/.stm32cubeaistudio/workspace/ANN_GMPPT/.ai/run/run-1/Middlewares/ST/AI/Validation/Src/aiValidation_ATON_ST_AI.c:1035:12:aiInit	16	static
C:/Users/kth59/.stm32cubeaistudio/workspace/ANN_GMPPT/.ai/run/run-1/Middlewares/ST/AI/Validation/Src/aiValidation_ATON_ST_AI.c:1056:13:aiDeInit	16	static
C:/Users/kth59/.stm32cubeaistudio/workspace/ANN_GMPPT/.ai/run/run-1/Middlewares/ST/AI/Validation/Src/aiValidation_ATON_ST_AI.c:1072:6:aiPbCmdSysInfo	80	static
C:/Users/kth59/.stm32cubeaistudio/workspace/ANN_GMPPT/.ai/run/run-1/Middlewares/ST/AI/Validation/Src/aiValidation_ATON_ST_AI.c:1118:6:aiPbCmdNNInfo	72	static
C:/Users/kth59/.stm32cubeaistudio/workspace/ANN_GMPPT/.ai/run/run-1/Middlewares/ST/AI/Validation/Src/aiValidation_ATON_ST_AI.c:1161:13:_set_context	16	static
C:/Users/kth59/.stm32cubeaistudio/workspace/ANN_GMPPT/.ai/run/run-1/Middlewares/ST/AI/Validation/Src/aiValidation_ATON_ST_AI.c:1185:6:aiPbCmdNNRun	176	static
C:/Users/kth59/.stm32cubeaistudio/workspace/ANN_GMPPT/.ai/run/run-1/Middlewares/ST/AI/Validation/Src/aiValidation_ATON_ST_AI.c:1332:5:aiValidationInit	8	static
C:/Users/kth59/.stm32cubeaistudio/workspace/ANN_GMPPT/.ai/run/run-1/Middlewares/ST/AI/Validation/Src/aiValidation_ATON_ST_AI.c:1346:5:aiValidationProcess	16	static
C:/Users/kth59/.stm32cubeaistudio/workspace/ANN_GMPPT/.ai/run/run-1/Middlewares/ST/AI/Validation/Src/aiValidation_ATON_ST_AI.c:1397:6:aiValidationDeInit	8	static
