C:/Users/kth59/.stm32cubeaistudio/workspace/ANN_GMPPT/.ai/run/run-1/Middlewares/ST/AI/Npu/mcu_cache.c:29:6:mcu_cache_invalidate	16	static,ignoring_inline_asm
C:/Users/kth59/.stm32cubeaistudio/workspace/ANN_GMPPT/.ai/run/run-1/Middlewares/ST/AI/Npu/mcu_cache.c:36:6:mcu_cache_clean	16	static,ignoring_inline_asm
C:/Users/kth59/.stm32cubeaistudio/workspace/ANN_GMPPT/.ai/run/run-1/Middlewares/ST/AI/Npu/mcu_cache.c:43:6:mcu_cache_clean_invalidate	16	static,ignoring_inline_asm
C:/Users/kth59/.stm32cubeaistudio/workspace/ANN_GMPPT/.ai/run/run-1/Middlewares/ST/AI/Npu/mcu_cache.c:50:6:mcu_cache_invalidate_range	8	static,ignoring_inline_asm
C:/Users/kth59/.stm32cubeaistudio/workspace/ANN_GMPPT/.ai/run/run-1/Middlewares/ST/AI/Npu/mcu_cache.c:57:6:mcu_cache_clean_range	8	static,ignoring_inline_asm
C:/Users/kth59/.stm32cubeaistudio/workspace/ANN_GMPPT/.ai/run/run-1/Middlewares/ST/AI/Npu/mcu_cache.c:63:6:mcu_cache_clean_invalidate_range	8	static,ignoring_inline_asm
