Archive member included to satisfy reference by file (symbol)

../../../Middlewares/ST/AI/Lib/NetworkRuntime1200_CM55_GCC.a\NetworkRuntime1200_CM55_GCC.a(core_convert.o)
                              ./Middlewares/ST/AI/Npu/ll_sw_integer.o (node_convert)
../../../Middlewares/ST/AI/Lib/NetworkRuntime1200_CM55_GCC.a\NetworkRuntime1200_CM55_GCC.a(layers_argminmax_stm32_integer.o)
                              ./Middlewares/ST/AI/Npu/ll_sw_integer.o (forward_argmin_is8)
../../../Middlewares/ST/AI/Lib/NetworkRuntime1200_CM55_GCC.a\NetworkRuntime1200_CM55_GCC.a(layers_conv2d_generic_float.o)
                              ./Middlewares/ST/AI/Npu/ll_sw_float.o (forward_conv2d_if32of32wf32_group)
../../../Middlewares/ST/AI/Lib/NetworkRuntime1200_CM55_GCC.a\NetworkRuntime1200_CM55_GCC.a(layers_conv2d_rgb_sssa8_ch.o)
                              ./Middlewares/ST/AI/Npu/ll_sw_integer.o (forward_conv2d_rgb_sssa8_ch)
../../../Middlewares/ST/AI/Lib/NetworkRuntime1200_CM55_GCC.a\NetworkRuntime1200_CM55_GCC.a(layers_conv2d_sssa8_ch.o)
                              ./Middlewares/ST/AI/Npu/ll_sw_integer.o (forward_conv2d_dilated_sssa8_ch)
../../../Middlewares/ST/AI/Lib/NetworkRuntime1200_CM55_GCC.a\NetworkRuntime1200_CM55_GCC.a(layers_conv2d_stm32_integer.o)
                              ./Middlewares/ST/AI/Npu/ll_sw_integer.o (forward_conv2d_integer)
../../../Middlewares/ST/AI/Lib/NetworkRuntime1200_CM55_GCC.a\NetworkRuntime1200_CM55_GCC.a(layers_dw_sssa8_ch.o)
                              ./Middlewares/ST/AI/Npu/ll_sw_integer.o (forward_dw_dm_sssa8_ch)
../../../Middlewares/ST/AI/Lib/NetworkRuntime1200_CM55_GCC.a\NetworkRuntime1200_CM55_GCC.a(layers_generic_float.o)
                              ./Middlewares/ST/AI/Npu/ll_sw_float.o (forward_gather)
../../../Middlewares/ST/AI/Lib/NetworkRuntime1200_CM55_GCC.a\NetworkRuntime1200_CM55_GCC.a(layers_nl_generic_float.o)
                              ./Middlewares/ST/AI/Npu/ll_sw_float.o (forward_acos)
../../../Middlewares/ST/AI/Lib/NetworkRuntime1200_CM55_GCC.a\NetworkRuntime1200_CM55_GCC.a(layers_nl_stm32_integer.o)
                              ./Middlewares/ST/AI/Npu/ll_sw_integer.o (forward_relu_integer)
../../../Middlewares/ST/AI/Lib/NetworkRuntime1200_CM55_GCC.a\NetworkRuntime1200_CM55_GCC.a(layers_norm_generic_float.o)
                              ./Middlewares/ST/AI/Npu/ll_sw_float.o (forward_lrn)
../../../Middlewares/ST/AI/Lib/NetworkRuntime1200_CM55_GCC.a\NetworkRuntime1200_CM55_GCC.a(layers_pad_generic.o)
                              ../../../Middlewares/ST/AI/Lib/NetworkRuntime1200_CM55_GCC.a\NetworkRuntime1200_CM55_GCC.a(layers_generic_float.o) (forward_pad_8bit_ch1st_3x3_constant)
../../../Middlewares/ST/AI/Lib/NetworkRuntime1200_CM55_GCC.a\NetworkRuntime1200_CM55_GCC.a(layers_pool_generic_float.o)
                              ./Middlewares/ST/AI/Npu/ll_sw_float.o (forward_mp)
../../../Middlewares/ST/AI/Lib/NetworkRuntime1200_CM55_GCC.a\NetworkRuntime1200_CM55_GCC.a(layers_pool_stm32_integer.o)
                              ./Middlewares/ST/AI/Npu/ll_sw_integer.o (forward_mp_integer)
../../../Middlewares/ST/AI/Lib/NetworkRuntime1200_CM55_GCC.a\NetworkRuntime1200_CM55_GCC.a(layers_pw_sssa8_ch.o)
                              ./Middlewares/ST/AI/Npu/ll_sw_integer.o (forward_pw_sssa8_ch)
../../../Middlewares/ST/AI/Lib/NetworkRuntime1200_CM55_GCC.a\NetworkRuntime1200_CM55_GCC.a(layers_resize.o)
                              ../../../Middlewares/ST/AI/Lib/NetworkRuntime1200_CM55_GCC.a\NetworkRuntime1200_CM55_GCC.a(layers_generic_float.o) (forward_resize_nearest_if32of32)
../../../Middlewares/ST/AI/Lib/NetworkRuntime1200_CM55_GCC.a\NetworkRuntime1200_CM55_GCC.a(layers_stm32_integer.o)
                              ./Middlewares/ST/AI/Npu/ll_sw_integer.o (forward_eltwise_integer)
../../../Middlewares/ST/AI/Lib/NetworkRuntime1200_CM55_GCC.a\NetworkRuntime1200_CM55_GCC.a(layers_upsample_generic.o)
                              ./Middlewares/ST/AI/Npu/ll_sw_float.o (forward_upsample_zeros)
../../../Middlewares/ST/AI/Lib/NetworkRuntime1200_CM55_GCC.a\NetworkRuntime1200_CM55_GCC.a(forward_lite_argminmax.o)
                              ../../../Middlewares/ST/AI/Lib/NetworkRuntime1200_CM55_GCC.a\NetworkRuntime1200_CM55_GCC.a(layers_generic_float.o) (forward_lite_argmax_if32)
../../../Middlewares/ST/AI/Lib/NetworkRuntime1200_CM55_GCC.a\NetworkRuntime1200_CM55_GCC.a(forward_lite_conv2d_if32of32wf32.o)
                              ../../../Middlewares/ST/AI/Lib/NetworkRuntime1200_CM55_GCC.a\NetworkRuntime1200_CM55_GCC.a(layers_conv2d_generic_float.o) (forward_lite_conv2d_if32of32wf32)
../../../Middlewares/ST/AI/Lib/NetworkRuntime1200_CM55_GCC.a\NetworkRuntime1200_CM55_GCC.a(forward_lite_convert.o)
                              ../../../Middlewares/ST/AI/Lib/NetworkRuntime1200_CM55_GCC.a\NetworkRuntime1200_CM55_GCC.a(core_convert.o) (forward_lite_node_convert_is1os8)
[...]
Memory Configuration

Name             Origin             Length             Attributes
RAM              0x34000000         0x00100000         xrw
AXISRAM3_4_5_6   0x34270000         0x00000000         xrw
ROM              0x70100400         0x006ffc00         xrw
EXTFLASH         0x70180000         0x07e80000         xr
AXISRAM2         0x00000000         0xffffffff
AXISRAM3         0x00000000         0xffffffff
AXISRAM4         0x00000000         0xffffffff
AXISRAM5         0x00000000         0xffffffff
AXISRAM6         0x00000000         0xffffffff
XSPI1            0x00000000         0xffffffff
*default*        0x00000000         0xffffffff

Linker script and memory map

LOAD D:/STM32CubeIDE_2.1.0/STM32CubeIDE/plugins/com.st.stm32cube.ide.mcu.externaltools.gnu-tools-for-stm32.14.3.rel1.win32_1.0.100.202602081740/tools/bin/../lib/gcc/arm-none-eabi/14.3.1/thumb/v8-m.main+dp/hard/crti.o
LOAD D:/STM32CubeIDE_2.1.0/STM32CubeIDE/plugins/com.st.stm32cube.ide.mcu.externaltools.gnu-tools-for-stm32.14.3.rel1.win32_1.0.100.202602081740/tools/bin/../lib/gcc/arm-none-eabi/14.3.1/thumb/v8-m.main+dp/hard/crtbegin.o
LOAD D:/STM32CubeIDE_2.1.0/STM32CubeIDE/plugins/com.st.stm32cube.ide.mcu.externaltools.gnu-tools-for-stm32.14.3.rel1.win32_1.0.100.202602081740/tools/bin/../lib/gcc/arm-none-eabi/14.3.1/../../../../arm-none-eabi/lib/thumb/v8-m.main+dp/hard/crt0.o
LOAD ./Appli/AI/App/app_x-cube-ai.o
LOAD ./Appli/AI/App/network.o
LOAD ./Appli/AI/App/network_atonbuf.xSPI2.o
LOAD ./Appli/AI/App/network_weights.o
LOAD ./Appli/AI/App/npu_cache.o
LOAD ./Appli/AI/App/npu_init.o
LOAD ./Appli/AI/App/stai_network.o
LOAD ./Appli/AI/App/user_init.o
LOAD ./Application/User/Core/main.o
LOAD ./Application/User/Core/secure_nsc.o
LOAD ./Application/User/Core/stm32n6xx_hal_msp.o
LOAD ./Application/User/Core/stm32n6xx_it.o
LOAD ./Application/User/Core/syscalls.o
LOAD ./Application/User/Core/sysmem.o
LOAD ./Application/User/Startup/startup_stm32n657x0hxq.o
LOAD ./Drivers/CMSIS/system_stm32n6xx_s.o
LOAD ./Drivers/STM32N6xx_HAL_Driver/stm32n6xx_hal.o
LOAD ./Drivers/STM32N6xx_HAL_Driver/stm32n6xx_hal_cacheaxi.o
LOAD ./Drivers/STM32N6xx_HAL_Driver/stm32n6xx_hal_cortex.o
LOAD ./Drivers/STM32N6xx_HAL_Driver/stm32n6xx_hal_dma.o
LOAD ./Drivers/STM32N6xx_HAL_Driver/stm32n6xx_hal_dma_ex.o
LOAD ./Drivers/STM32N6xx_HAL_Driver/stm32n6xx_hal_exti.o
LOAD ./Drivers/STM32N6xx_HAL_Driver/stm32n6xx_hal_gpio.o
LOAD ./Drivers/STM32N6xx_HAL_Driver/stm32n6xx_hal_pwr.o
LOAD ./Drivers/STM32N6xx_HAL_Driver/stm32n6xx_hal_pwr_ex.o
LOAD ./Drivers/STM32N6xx_HAL_Driver/stm32n6xx_hal_rcc.o
LOAD ./Drivers/STM32N6xx_HAL_Driver/stm32n6xx_hal_rcc_ex.o
LOAD ./Drivers/STM32N6xx_HAL_Driver/stm32n6xx_hal_rif.o
LOAD ./Drivers/STM32N6xx_HAL_Driver/stm32n6xx_hal_uart.o
LOAD ./Drivers/STM32N6xx_HAL_Driver/stm32n6xx_hal_uart_ex.o
LOAD ./Middlewares/ST/AI/Misc/Src/aiTestHelper_ST_AI.o
LOAD ./Middlewares/ST/AI/Misc/Src/aiTestUtility.o
LOAD ./Middlewares/ST/AI/Misc/Src/ai_device_adaptor.o
LOAD ./Middlewares/ST/AI/Misc/Src/lc_print.o
LOAD ./Middlewares/ST/AI/Misc/Src/syscalls.o
LOAD ./Middlewares/ST/AI/Npu/ecloader.o
LOAD ./Middlewares/ST/AI/Npu/ll_aton.o
LOAD ./Middlewares/ST/AI/Npu/ll_aton_cipher.o
LOAD ./Middlewares/ST/AI/Npu/ll_aton_dbgtrc.o
LOAD ./Middlewares/ST/AI/Npu/ll_aton_debug.o
LOAD ./Middlewares/ST/AI/Npu/ll_aton_lib.o
LOAD ./Middlewares/ST/AI/Npu/ll_aton_lib_sw_operators.o
LOAD ./Middlewares/ST/AI/Npu/ll_aton_osal_freertos.o
LOAD ./Middlewares/ST/AI/Npu/ll_aton_osal_threadx.o
LOAD ./Middlewares/ST/AI/Npu/ll_aton_osal_zephyr.o
LOAD ./Middlewares/ST/AI/Npu/ll_aton_profiler.o
LOAD ./Middlewares/ST/AI/Npu/ll_aton_reloc_callbacks.o
LOAD ./Middlewares/ST/AI/Npu/ll_aton_reloc_network.o
LOAD ./Middlewares/ST/AI/Npu/ll_aton_rt_main.o
LOAD ./Middlewares/ST/AI/Npu/ll_aton_runtime.o
LOAD ./Middlewares/ST/AI/Npu/ll_aton_stai_internal.o
LOAD ./Middlewares/ST/AI/Npu/ll_aton_util.o
LOAD ./Middlewares/ST/AI/Npu/ll_sw_float.o
LOAD ./Middlewares/ST/AI/Npu/ll_sw_integer.o
LOAD ./Middlewares/ST/AI/Npu/mcu_cache.o
LOAD ./Middlewares/ST/AI/Validation/Src/aiPbIO.o
LOAD ./Middlewares/ST/AI/Validation/Src/aiPbMemRWServices.o
LOAD ./Middlewares/ST/AI/Validation/Src/aiPbMgr.o
LOAD ./Middlewares/ST/AI/Validation/Src/aiValidation_ATON_ST_AI.o
LOAD ./Middlewares/ST/AI/Validation/Src/ai_io_buffers_ATON.o
LOAD ./Middlewares/ST/AI/Validation/Src/ai_wrapper_ATON_ST_AI.o
LOAD ./Middlewares/ST/AI/Validation/Src/pb_common.o
LOAD ./Middlewares/ST/AI/Validation/Src/pb_decode.o
LOAD ./Middlewares/ST/AI/Validation/Src/pb_encode.o
LOAD ./Middlewares/ST/AI/Validation/Src/stm32msg.pb.o
LOAD ../../../Middlewares/ST/AI/Lib/NetworkRuntime1200_CM55_GCC.a\NetworkRuntime1200_CM55_GCC.a
START GROUP
LOAD D:/STM32CubeIDE_2.1.0/STM32CubeIDE/plugins/com.st.stm32cube.ide.mcu.externaltools.gnu-tools-for-stm32.14.3.rel1.win32_1.0.100.202602081740/tools/bin/../lib/gcc/arm-none-eabi/14.3.1/../../../../arm-none-eabi/lib/thumb/v8-m.main+dp/hard\libc_nano.a
LOAD D:/STM32CubeIDE_2.1.0/STM32CubeIDE/plugins/com.st.stm32cube.ide.mcu.externaltools.gnu-tools-for-stm32.14.3.rel1.win32_1.0.100.202602081740/tools/bin/../lib/gcc/arm-none-eabi/14.3.1/../../../../arm-none-eabi/lib/thumb/v8-m.main+dp/hard\libm.a
END GROUP
START GROUP
LOAD D:/STM32CubeIDE_2.1.0/STM32CubeIDE/plugins/com.st.stm32cube.ide.mcu.externaltools.gnu-tools-for-stm32.14.3.rel1.win32_1.0.100.202602081740/tools/bin/../lib/gcc/arm-none-eabi/14.3.1/thumb/v8-m.main+dp/hard\libgcc.a
LOAD D:/STM32CubeIDE_2.1.0/STM32CubeIDE/plugins/com.st.stm32cube.ide.mcu.externaltools.gnu-tools-for-stm32.14.3.rel1.win32_1.0.100.202602081740/tools/bin/../lib/gcc/arm-none-eabi/14.3.1/../../../../arm-none-eabi/lib/thumb/v8-m.main+dp/hard\libc_nano.a
END GROUP
START GROUP
LOAD D:/STM32CubeIDE_2.1.0/STM32CubeIDE/plugins/com.st.stm32cube.ide.mcu.externaltools.gnu-tools-for-stm32.14.3.rel1.win32_1.0.100.202602081740/tools/bin/../lib/gcc/arm-none-eabi/14.3.1/thumb/v8-m.main+dp/hard\libgcc.a
LOAD D:/STM32CubeIDE_2.1.0/STM32CubeIDE/plugins/com.st.stm32cube.ide.mcu.externaltools.gnu-tools-for-stm32.14.3.rel1.win32_1.0.100.202602081740/tools/bin/../lib/gcc/arm-none-eabi/14.3.1/../../../../arm-none-eabi/lib/thumb/v8-m.main+dp/hard\libc_nano.a
LOAD D:/STM32CubeIDE_2.1.0/STM32CubeIDE/plugins/com.st.stm32cube.ide.mcu.externaltools.gnu-tools-for-stm32.14.3.rel1.win32_1.0.100.202602081740/tools/bin/../lib/gcc/arm-none-eabi/14.3.1/../../../../arm-none-eabi/lib/thumb/v8-m.main+dp/hard\libnosys.a
END GROUP
START GROUP
LOAD D:/STM32CubeIDE_2.1.0/STM32CubeIDE/plugins/com.st.stm32cube.ide.mcu.externaltools.gnu-tools-for-stm32.14.3.rel1.win32_1.0.100.202602081740/tools/bin/../lib/gcc/arm-none-eabi/14.3.1/thumb/v8-m.main+dp/hard\libgcc.a
LOAD D:/STM32CubeIDE_2.1.0/STM32CubeIDE/plugins/com.st.stm32cube.ide.mcu.externaltools.gnu-tools-for-stm32.14.3.rel1.win32_1.0.100.202602081740/tools/bin/../lib/gcc/arm-none-eabi/14.3.1/../../../../arm-none-eabi/lib/thumb/v8-m.main+dp/hard\libc_nano.a
LOAD D:/STM32CubeIDE_2.1.0/STM32CubeIDE/plugins/com.st.stm32cube.ide.mcu.externaltools.gnu-tools-for-stm32.14.3.rel1.win32_1.0.100.202602081740/tools/bin/../lib/gcc/arm-none-eabi/14.3.1/../../../../arm-none-eabi/lib/thumb/v8-m.main+dp/hard\libnosys.a
END GROUP
LOAD D:/STM32CubeIDE_2.1.0/STM32CubeIDE/plugins/com.st.stm32cube.ide.mcu.externaltools.gnu-tools-for-stm32.14.3.rel1.win32_1.0.100.202602081740/tools/bin/../lib/gcc/arm-none-eabi/14.3.1/thumb/v8-m.main+dp/hard/crtend.o
LOAD D:/STM32CubeIDE_2.1.0/STM32CubeIDE/plugins/com.st.stm32cube.ide.mcu.externaltools.gnu-tools-for-stm32.14.3.rel1.win32_1.0.100.202602081740/tools/bin/../lib/gcc/arm-none-eabi/14.3.1/thumb/v8-m.main+dp/hard/crtn.o
                0x00000800                        _Min_Heap_Size = 0x800
                0x00002000                        _Min_Stack_Size = 0x2000
                0x34100000                        _estack = (ORIGIN (RAM) + LENGTH (RAM))
                0x340fe000                        _sstack = (_estack - _Min_Stack_Size)

.AI_AXIFLEXMEM  0x34000000        0x0
                0x34000000                        . = ALIGN (0x4)
 *(.AI_AXIFLEXMEM)
                0x34000000                        . = ALIGN (0x4)

.AI_AXISRAM1    0x34000000        0x0
                0x34000000                        . = ALIGN (0x4)
 *(.AI_AXISRAM1)
                0x34000000                        . = ALIGN (0x4)

.AI_AXISRAM2    0x00000000        0x0
                0x00000000                        . = ALIGN (0x4)
 *(.AI_AXISRAM2)
                0x00000000                        . = ALIGN (0x4)

.AI_AXISRAM3    0x00000000        0x0
                0x00000000                        . = ALIGN (0x4)
 *(.AI_AXISRAM3)
                0x00000000                        . = ALIGN (0x4)

.AI_AXISRAM4    0x00000000        0x0
                0x00000000                        . = ALIGN (0x4)
 *(.AI_AXISRAM4)
                0x00000000                        . = ALIGN (0x4)

.AI_AXISRAM5    0x00000000        0x0
                0x00000000                        . = ALIGN (0x4)
 *(.AI_AXISRAM5)
                0x00000000                        . = ALIGN (0x4)

.AI_AXISRAM6    0x00000000        0x0
                0x00000000                        . = ALIGN (0x4)
 *(.AI_AXISRAM6)
                0x00000000                        . = ALIGN (0x4)

.AI_XSPI1       0x00000000        0x0
                0x00000000                        . = ALIGN (0x4)
 *(.AI_XSPI1)
                0x00000000                        . = ALIGN (0x4)

.AI_XSPI2       0x70180000        0x0
                0x70180000                        . = ALIGN (0x4)
 *(.AI_XSPI2)
                0x70180000                        . = ALIGN (0x4)

.AI_EXTFLASH    0x70180000        0x0
                0x70180000                        . = ALIGN (0x4)
 *(.AI_EXTFLASH)
                0x70180000                        . = ALIGN (0x4)

.isr_vector     0x70100400      0x34c
                0x70100400                        . = ALIGN (0x4)
 *(.isr_vector)
 .isr_vector    0x70100400      0x34c ./Application/User/Startup/startup_stm32n657x0hxq.o
                0x70100400                g_pfnVectors
                0x7010074c                        . = ALIGN (0x4)

.text           0x70100750     0xc038
                0x70100750                        . = ALIGN (0x4)
 *(.text)
 .text          0x70100750       0x40 D:/STM32CubeIDE_2.1.0/STM32CubeIDE/plugins/com.st.stm32cube.ide.mcu.externaltools.gnu-tools-for-stm32.14.3.rel1.win32_1.0.100.202602081740/tools/bin/../lib/gcc/arm-none-eabi/14.3.1/thumb/v8-m.main+dp/hard/crtbegin.o
 .text          0x70100790       0x10 D:/STM32CubeIDE_2.1.0/STM32CubeIDE/plugins/com.st.stm32cube.ide.mcu.externaltools.gnu-tools-for-stm32.14.3.rel1.win32_1.0.100.202602081740/tools/bin/../lib/gcc/arm-none-eabi/14.3.1/../../../../arm-none-eabi/lib/thumb/v8-m.main+dp/hard\libc_nano.a(libc_a-strlen.o)
                0x70100790                strlen
 .text          0x701007a0      0x21c D:/STM32CubeIDE_2.1.0/STM32CubeIDE/plugins/com.st.stm32cube.ide.mcu.externaltools.gnu-tools-for-stm32.14.3.rel1.win32_1.0.100.202602081740/tools/bin/../lib/gcc/arm-none-eabi/14.3.1/thumb/v8-m.main+dp/hard\libgcc.a(_arm_addsubsf3.o)
                0x701007a0                __aeabi_frsub
                0x701007a8                __subsf3
                0x701007a8                __aeabi_fsub
                0x701007ac                __aeabi_fadd
                0x701007ac                __addsf3
                0x7010090c                __aeabi_ui2f
                0x7010090c                __floatunsisf
                0x70100914                __aeabi_i2f
                0x70100914                __floatsisf
                0x70100930                __aeabi_ul2f
                0x70100930                __floatundisf
                0x70100940                __aeabi_l2f
                0x70100940                __floatdisf
 .text          0x701009bc       0x30 D:/STM32CubeIDE_2.1.0/STM32CubeIDE/plugins/com.st.stm32cube.ide.mcu.externaltools.gnu-tools-for-stm32.14.3.rel1.win32_1.0.100.202602081740/tools/bin/../lib/gcc/arm-none-eabi/14.3.1/thumb/v8-m.main+dp/hard\libgcc.a(_aeabi_uldivmod.o)
                0x701009bc                __aeabi_uldivmod
 *fill*         0x701009ec        0x4 
 .text          0x701009f0       0x40 D:/STM32CubeIDE_2.1.0/STM32CubeIDE/plugins/com.st.stm32cube.ide.mcu.externaltools.gnu-tools-for-stm32.14.3.rel1.win32_1.0.100.202602081740/tools/bin/../lib/gcc/arm-none-eabi/14.3.1/thumb/v8-m.main+dp/hard\libgcc.a(_fixunsdfdi.o)
                0x701009f0                __fixunsdfdi
                0x701009f0                __aeabi_d2ulz
 .text          0x70100a30      0x34c D:/STM32CubeIDE_2.1.0/STM32CubeIDE/plugins/com.st.stm32cube.ide.mcu.externaltools.gnu-tools-for-stm32.14.3.rel1.win32_1.0.100.202602081740/tools/bin/../lib/gcc/arm-none-eabi/14.3.1/thumb/v8-m.main+dp/hard\libgcc.a(_udivmoddi4.o)
                0x70100a30                __udivmoddi4
 .text          0x70100d7c        0x4 D:/STM32CubeIDE_2.1.0/STM32CubeIDE/plugins/com.st.stm32cube.ide.mcu.externaltools.gnu-tools-for-stm32.14.3.rel1.win32_1.0.100.202602081740/tools/bin/../lib/gcc/arm-none-eabi/14.3.1/thumb/v8-m.main+dp/hard\libgcc.a(_dvmd_tls.o)
                0x70100d7c                __aeabi_idiv0
                0x70100d7c                __aeabi_ldiv0
 *(.text*)
 .text.STM32CubeAI_Studio_AI_Init
                0x70100d80       0x12 ./Appli/AI/App/app_x-cube-ai.o
                0x70100d80                STM32CubeAI_Studio_AI_Init
 .text.STM32CubeAI_Studio_AI_Process
                0x70100d92        0x4 ./Appli/AI/App/app_x-cube-ai.o
                0x70100d92                STM32CubeAI_Studio_AI_Process
 *fill*         0x70100d96        0x2 
 .text._ec_blob_cache_start_func_1
                0x70100d98       0x10 ./Appli/AI/App/network.o
 .text.LL_ATON_WeightEncryption_Info_network
                0x70100da8        0x8 ./Appli/AI/App/network.o
                0x70100da8                LL_ATON_WeightEncryption_Info_network
 .text.LL_ATON_BlobEncryption_Info_network
                0x70100db0        0x8 ./Appli/AI/App/network.o
                0x70100db0                LL_ATON_BlobEncryption_Info_network
 .text.LL_ATON_Set_User_Input_Buffer_network
                0x70100db8        0x4 ./Appli/AI/App/network.o
                0x70100db8                LL_ATON_Set_User_Input_Buffer_network
 .text.LL_ATON_Get_User_Input_Buffer_network
                0x70100dbc        0x4 ./Appli/AI/App/network.o
                0x70100dbc                LL_ATON_Get_User_Input_Buffer_network
 .text.LL_ATON_Set_User_Output_Buffer_network
                0x70100dc0        0x4 ./Appli/AI/App/network.o
                0x70100dc0                LL_ATON_Set_User_Output_Buffer_network
 .text.LL_ATON_Get_User_Output_Buffer_network
                0x70100dc4        0x4 ./Appli/AI/App/network.o
                0x70100dc4                LL_ATON_Get_User_Output_Buffer_network
 .text.LL_ATON_EC_Network_Init_network
                0x70100dc8       0x60 ./Appli/AI/App/network.o
                0x70100dc8                LL_ATON_EC_Network_Init_network
 .text.LL_ATON_EC_Inference_Init_network
                0x70100e28        0x4 ./Appli/AI/App/network.o
                0x70100e28                LL_ATON_EC_Inference_Init_network
 .text.LL_ATON_EpochBlockItems_network
                0x70100e2c        0x8 ./Appli/AI/App/network.o
                0x70100e2c                LL_ATON_EpochBlockItems_network
 .text.LL_ATON_Input_Buffers_Info_network
                0x70100e34        0x8 ./Appli/AI/App/network.o
                0x70100e34                LL_ATON_Input_Buffers_Info_network
 .text.LL_ATON_Output_Buffers_Info_network
                0x70100e3c        0x8 ./Appli/AI/App/network.o
                0x70100e3c                LL_ATON_Output_Buffers_Info_network
 .text.LL_ATON_Internal_Buffers_Info_network
                0x70100e44        0x4 ./Appli/AI/App/network.o
                0x70100e44                LL_ATON_Internal_Buffers_Info_network
 .text.npu_cache_enable
                0x70100e48       0x28 ./Appli/AI/App/npu_cache.o
                0x70100e48                npu_cache_enable
 .text.npu_cache_clean_invalidate_range
                0x70100e70       0x40 ./Appli/AI/App/npu_cache.o
                0x70100e70                npu_cache_clean_invalidate_range
 .text.LL_MEM_EnableClockLowPower
                0x70100eb0       0x18 ./Appli/AI/App/npu_init.o
 .text.LL_AHB5_GRP1_EnableClockLowPower
                0x70100ec8       0x18 ./Appli/AI/App/npu_init.o
 .text.Set_RISAF_Default
                0x70100ee0      0x19c ./Appli/AI/App/npu_init.o
 .text.Set_CLK_Sleep_Mode
                0x7010107c       0xb8 ./Appli/AI/App/npu_init.o
                0x7010107c                Set_CLK_Sleep_Mode
 .text.NPU_Config
                0x70101134       0x60 ./Appli/AI/App/npu_init.o
                0x70101134                NPU_Config
 .text.RISAF_Config
                0x70101194       0x60 ./Appli/AI/App/npu_init.o
                0x70101194                RISAF_Config
 .text.SystemInit_POST
                0x701011f4       0x98 ./Appli/AI/App/npu_init.o
                0x701011f4                SystemInit_POST
 .text.aiPreInitialize
                0x7010128c       0x12 ./Appli/AI/App/npu_init.o
                0x7010128c                aiPreInitialize
 .text.__ll_aton_stai_check_context_network_handle.constprop.0
                0x7010129e       0x20 ./Appli/AI/App/stai_network.o
 *fill*         0x701012be        0x2 
 .text.stai_network_init
                0x701012c0       0x30 ./Appli/AI/App/stai_network.o
                0x701012c0                stai_network_init
 .text.stai_network_deinit
                0x701012f0       0x74 ./Appli/AI/App/stai_network.o
                0x701012f0                stai_network_deinit
 .text.stai_network_run
                0x70101364       0x48 ./Appli/AI/App/stai_network.o
                0x70101364                stai_network_run
 .text.stai_network_set_callback
                0x701013ac       0x3c ./Appli/AI/App/stai_network.o
                0x701013ac                stai_network_set_callback
 .text.stai_ext_network_run_continue
                0x701013e8       0x68 ./Appli/AI/App/stai_network.o
                0x701013e8                stai_ext_network_run_continue
 .text.stai_ext_network_new_inference
                0x70101450        0x4 ./Appli/AI/App/stai_network.o
                0x70101450                stai_ext_network_new_inference
 .text.LL_AHB4_GRP1_EnableClock
                0x70101454       0x18 ./Application/User/Core/main.o
 .text.startup.main
                0x7010146c      0x2a4 ./Application/User/Core/main.o
                0x7010146c                main
 .text.MX_USART1_UART_Init
                0x70101710       0x64 ./Application/User/Core/main.o
                0x70101710                MX_USART1_UART_Init
 .text.Error_Handler
                0x70101774        0x4 ./Application/User/Core/main.o
                0x70101774                Error_Handler
 .text.SECURE_RegisterCallback
                0x70101778       0x30 ./Application/User/Core/secure_nsc.o
                0x70101778                __acle_se_SECURE_RegisterCallback
 .text.HAL_MspInit
                0x701017a8       0x12 ./Application/User/Core/stm32n6xx_hal_msp.o
                0x701017a8                HAL_MspInit
 *fill*         0x701017ba        0x2 
 .text.HAL_CACHEAXI_MspInit
                0x701017bc       0x28 ./Application/User/Core/stm32n6xx_hal_msp.o
                0x701017bc                HAL_CACHEAXI_MspInit
 .text.HAL_UART_MspInit
                0x701017e4       0xa0 ./Application/User/Core/stm32n6xx_hal_msp.o
                0x701017e4                HAL_UART_MspInit
 .text.NMI_Handler
                0x70101884        0x2 ./Application/User/Core/stm32n6xx_it.o
                0x70101884                NMI_Handler
 .text.HardFault_Handler
                0x70101886        0x2 ./Application/User/Core/stm32n6xx_it.o
                0x70101886                HardFault_Handler
 .text.MemManage_Handler
                0x70101888        0x2 ./Application/User/Core/stm32n6xx_it.o
                0x70101888                MemManage_Handler
 .text.BusFault_Handler
                0x7010188a        0x2 ./Application/User/Core/stm32n6xx_it.o
                0x7010188a                BusFault_Handler
 .text.UsageFault_Handler
                0x7010188c        0x2 ./Application/User/Core/stm32n6xx_it.o
                0x7010188c                UsageFault_Handler
 .text.SecureFault_Handler
                0x7010188e        0x2 ./Application/User/Core/stm32n6xx_it.o
                0x7010188e                SecureFault_Handler
 .text.SVC_Handler
                0x70101890        0x2 ./Application/User/Core/stm32n6xx_it.o
                0x70101890                SVC_Handler
 .text.DebugMon_Handler
                0x70101892        0x2 ./Application/User/Core/stm32n6xx_it.o
                0x70101892                DebugMon_Handler
 .text.PendSV_Handler
                0x70101894        0x2 ./Application/User/Core/stm32n6xx_it.o
                0x70101894                PendSV_Handler
 .text.SysTick_Handler
                0x70101896        0x4 ./Application/User/Core/stm32n6xx_it.o
                0x70101896                SysTick_Handler
 .text._getpid  0x7010189a        0x4 ./Application/User/Core/syscalls.o
                0x7010189a                _getpid
 .text._kill    0x7010189e       0x10 ./Application/User/Core/syscalls.o
                0x7010189e                _kill
 .text._exit    0x701018ae        0xc ./Application/User/Core/syscalls.o
                0x701018ae                _exit
 .text._read    0x701018ba       0x1c ./Application/User/Core/syscalls.o
                0x701018ba                _read
 .text._close   0x701018d6        0x6 ./Application/User/Core/syscalls.o
                0x701018d6                _close
 .text._fstat   0x701018dc        0xa ./Application/User/Core/syscalls.o
                0x701018dc                _fstat
 .text._isatty  0x701018e6        0x4 ./Application/User/Core/syscalls.o
                0x701018e6                _isatty
 .text._lseek   0x701018ea        0x4 ./Application/User/Core/syscalls.o
                0x701018ea                _lseek
 *fill*         0x701018ee        0x2 
 .text._sbrk    0x701018f0       0x3c ./Application/User/Core/sysmem.o
                0x701018f0                _sbrk
 .text.Reset_Handler
                0x7010192c       0x5c ./Application/User/Startup/startup_stm32n657x0hxq.o
                0x7010192c                Reset_Handler
 .text.Default_Handler
                0x70101988        0x2 ./Application/User/Startup/startup_stm32n657x0hxq.o
                0x70101988                HPDMA1_Channel13_IRQHandler
                0x70101988                EXTI2_IRQHandler
                0x70101988                MCE2_IRQHandler
                0x70101988                TIM8_CC_IRQHandler
                0x70101988                USB2_OTG_HS_IRQHandler
                0x70101988                SAI1_A_IRQHandler
                0x70101988                EXTI5_IRQHandler
                0x70101988                I3C1_ER_IRQHandler
                0x70101988                UART8_IRQHandler
                0x70101988                CTI_INT0_IRQHandler
                0x70101988                SPI4_IRQHandler
                0x70101988                LTDC_LO_IRQHandler
                0x70101988                NPU2_IRQHandler
                0x70101988                FDCAN3_IT0_IRQHandler
                0x70101988                EXTI13_IRQHandler
                0x70101988                TIM1_CC_IRQHandler
                0x70101988                XSPI1_IRQHandler
                0x70101988                TIM10_IRQHandler
                0x70101988                JPEG_IRQHandler
                0x70101988                TAMP_IRQHandler
                0x70101988                CACHE_ECC_IRQHandler
                0x70101988                TIM6_IRQHandler
                0x70101988                CSI_IRQHandler
                0x70101988                EXTI12_IRQHandler
                0x70101988                GFXTIM_IRQHandler
                0x70101988                EXTI3_IRQHandler
                0x70101988                LPTIM4_IRQHandler
                0x70101988                GPDMA1_Channel5_IRQHandler
                0x70101988                EXTI8_IRQHandler
                0x70101988                LPTIM2_IRQHandler
                0x70101988                GFXMMU_IRQHandler
                0x70101988                LTDC_LO_ERR_IRQHandler
                0x70101988                I2C3_ER_IRQHandler
                0x70101988                RIFSC_TAMPER_IRQHandler
                0x70101988                USART10_IRQHandler
                0x70101988                MDF1_FLT2_IRQHandler
                0x70101988                LPTIM3_IRQHandler
                0x70101988                SAI2_A_IRQHandler
                0x70101988                EXTI0_IRQHandler
                0x70101988                HPDMA1_Channel9_IRQHandler
                0x70101988                I2C2_EV_IRQHandler
                0x70101988                GPU2D_IRQHandler
                0x70101988                FPU_IRQHandler
                0x70101988                GPDMA1_Channel3_IRQHandler
                0x70101988                GPDMA1_Channel7_IRQHandler
                0x70101988                MDF1_FLT4_IRQHandler
                0x70101988                FDCAN1_IT1_IRQHandler
                0x70101988                HPDMA1_Channel3_IRQHandler
                0x70101988                ADC1_2_IRQHandler
                0x70101988                GPDMA1_Channel9_IRQHandler
                0x70101988                SPI1_IRQHandler
                0x70101988                CACHEAXI_IRQHandler
                0x70101988                SAI1_B_IRQHandler
                0x70101988                GPDMA1_Channel2_IRQHandler
                0x70101988                PAHB_ERR_IRQHandler
                0x70101988                TIM8_UP_IRQHandler
                0x70101988                RCC_S_IRQHandler
                0x70101988                MDF1_FLT1_IRQHandler
                0x70101988                LTDC_UP_IRQHandler
                0x70101988                LOCKUP_IRQHandler
                0x70101988                PKA_IRQHandler
                0x70101988                USART6_IRQHandler
                0x70101988                HPDMA1_Channel2_IRQHandler
                0x70101988                MDF1_FLT5_IRQHandler
                0x70101988                MCE4_IRQHandler
                0x70101988                I3C2_ER_IRQHandler
                0x70101988                EXTI15_IRQHandler
                0x70101988                TIM17_IRQHandler
                0x70101988                USART3_IRQHandler
                0x70101988                HPDMA1_Channel6_IRQHandler
                0x70101988                CRYP_IRQHandler
                0x70101988                RTC_IRQHandler
                0x70101988                XSPI2_IRQHandler
                0x70101988                EXTI9_IRQHandler
                0x70101988                IAC_IRQHandler
                0x70101988                HPDMA1_Channel0_IRQHandler
                0x70101988                LPTIM5_IRQHandler
                0x70101988                HPDMA1_Channel1_IRQHandler
                0x70101988                UART5_IRQHandler
                0x70101988                TIM4_IRQHandler
                0x70101988                NPU3_IRQHandler
                0x70101988                I3C2_EV_IRQHandler
                0x70101988                I2C1_EV_IRQHandler
                0x70101988                FDCAN_CU_IRQHandler
                0x70101988                GPDMA1_Channel12_IRQHandler
                0x70101988                HPDMA1_Channel7_IRQHandler
                0x70101988                GPDMA1_Channel1_IRQHandler
                0x70101988                TIM16_IRQHandler
                0x70101988                GPDMA1_Channel15_IRQHandler
                0x70101988                UART4_IRQHandler
                0x70101988                TCM_ECC_IRQHandler
                0x70101988                TIM3_IRQHandler
                0x70101988                RCC_IRQHandler
                0x70101988                UART9_IRQHandler
                0x70101988                NPU1_IRQHandler
                0x70101988                SAI2_B_IRQHandler
                0x70101988                Default_Handler
                0x70101988                GPDMA1_Channel8_IRQHandler
                0x70101988                HPDMA1_Channel8_IRQHandler
                0x70101988                TIM18_IRQHandler
                0x70101988                TIM14_IRQHandler
                0x70101988                TIM13_IRQHandler
                0x70101988                CTI_INT1_IRQHandler
                0x70101988                GPDMA1_Channel11_IRQHandler
                0x70101988                GPU2D_ER_IRQHandler
                0x70101988                SPI5_IRQHandler
                0x70101988                TIM12_IRQHandler
                0x70101988                TIM7_IRQHandler
                0x70101988                FDCAN3_IT1_IRQHandler
                0x70101988                HPDMA1_Channel10_IRQHandler
                0x70101988                SDMMC1_IRQHandler
                0x70101988                SAES_IRQHandler
                0x70101988                TIM5_IRQHandler
                0x70101988                UCPD1_IRQHandler
                0x70101988                GPDMA1_Channel0_IRQHandler
                0x70101988                I3C1_EV_IRQHandler
                0x70101988                HPDMA1_Channel5_IRQHandler
                0x70101988                TIM15_IRQHandler
                0x70101988                I2C3_EV_IRQHandler
                0x70101988                HPDMA1_Channel4_IRQHandler
                0x70101988                HPDMA1_Channel15_IRQHandler
                0x70101988                TIM9_IRQHandler
                0x70101988                ETH1_IRQHandler
                0x70101988                USB1_OTG_HS_IRQHandler
                0x70101988                PVD_PVM_IRQHandler
                0x70101988                SPI2_IRQHandler
                0x70101988                TIM1_TRG_CCU_IRQHandler
                0x70101988                HPDMA1_Channel11_IRQHandler
                0x70101988                EXTI14_IRQHandler
                0x70101988                EXTI11_IRQHandler
                0x70101988                VENC_IRQHandler
                0x70101988                GPDMA1_Channel14_IRQHandler
                0x70101988                EXTI4_IRQHandler
                0x70101988                RTC_S_IRQHandler
                0x70101988                GPDMA1_Channel13_IRQHandler
                0x70101988                RNG_IRQHandler
                0x70101988                XSPI3_IRQHandler
                0x70101988                FDCAN2_IT1_IRQHandler
                0x70101988                TIM1_UP_IRQHandler
                0x70101988                BCK_ECC_IRQHandler
                0x70101988                WWDG_IRQHandler
                0x70101988                SPI6_IRQHandler
                0x70101988                MDIOS_IRQHandler
                0x70101988                I2C4_EV_IRQHandler
                0x70101988                FDCAN2_IT0_IRQHandler
                0x70101988                IWDG_IRQHandler
                0x70101988                HPDMA1_Channel14_IRQHandler
                0x70101988                LPUART1_IRQHandler
                0x70101988                FDCAN1_IT0_IRQHandler
                0x70101988                MDF1_FLT0_IRQHandler
                0x70101988                TIM2_IRQHandler
                0x70101988                MCE3_IRQHandler
                0x70101988                GPDMA1_Channel4_IRQHandler
                0x70101988                EXTI7_IRQHandler
                0x70101988                DMA2D_IRQHandler
                0x70101988                TIM1_BRK_IRQHandler
                0x70101988                EXTI1_IRQHandler
                0x70101988                SDMMC2_IRQHandler
                0x70101988                TIM11_IRQHandler
                0x70101988                LTDC_UP_ERR_IRQHandler
                0x70101988                UART7_IRQHandler
                0x70101988                DTS_IRQHandler
                0x70101988                MDF1_FLT3_IRQHandler
                0x70101988                USART2_IRQHandler
                0x70101988                GPDMA1_Channel6_IRQHandler
                0x70101988                ADF1_FLT0_IRQHandler
                0x70101988                I2C2_ER_IRQHandler
                0x70101988                MCE1_IRQHandler
                0x70101988                SPDIFRX_IRQHandler
                0x70101988                TIM8_BRK_IRQHandler
                0x70101988                HPDMA1_Channel12_IRQHandler
                0x70101988                USART1_IRQHandler
                0x70101988                EXTI10_IRQHandler
                0x70101988                SPI3_IRQHandler
                0x70101988                WAKEUP_PIN_IRQHandler
                0x70101988                DCMIPP_IRQHandler
                0x70101988                I2C1_ER_IRQHandler
                0x70101988                FMC_IRQHandler
                0x70101988                EXTI6_IRQHandler
                0x70101988                LPTIM1_IRQHandler
                0x70101988                DCMI_PSSI_IRQHandler
                0x70101988                TIM8_TRG_CCU_IRQHandler
                0x70101988                I2C4_ER_IRQHandler
                0x70101988                GPDMA1_Channel10_IRQHandler
                0x70101988                ICACHE_IRQHandler
                0x70101988                HASH_IRQHandler
 *fill*         0x7010198a        0x2 
 .text.SystemInit
                0x7010198c       0x98 ./Drivers/CMSIS/system_stm32n6xx_s.o
                0x7010198c                SystemInit
 .text.SystemCoreClockUpdate
                0x70101a24      0x1dc ./Drivers/CMSIS/system_stm32n6xx_s.o
                0x70101a24                SystemCoreClockUpdate
 .text.SECURE_SystemCoreClockUpdate
                0x70101c00       0x24 ./Drivers/CMSIS/system_stm32n6xx_s.o
                0x70101c00                __acle_se_SECURE_SystemCoreClockUpdate
 .text.HAL_InitTick
                0x70101c24       0x4c ./Drivers/STM32N6xx_HAL_Driver/stm32n6xx_hal.o
                0x70101c24                HAL_InitTick
 .text.HAL_Init
                0x70101c70       0x22 ./Drivers/STM32N6xx_HAL_Driver/stm32n6xx_hal.o
                0x70101c70                HAL_Init
 *fill*         0x70101c92        0x2 
 .text.HAL_IncTick
                0x70101c94       0x18 ./Drivers/STM32N6xx_HAL_Driver/stm32n6xx_hal.o
                0x70101c94                HAL_IncTick
 .text.HAL_GetTick
                0x70101cac        0xc ./Drivers/STM32N6xx_HAL_Driver/stm32n6xx_hal.o
                0x70101cac                HAL_GetTick
 .text.HAL_Delay
                0x70101cb8       0x24 ./Drivers/STM32N6xx_HAL_Driver/stm32n6xx_hal.o
                0x70101cb8                HAL_Delay
 .text.HAL_GetHalVersion
                0x70101cdc        0x8 ./Drivers/STM32N6xx_HAL_Driver/stm32n6xx_hal.o
                0x70101cdc                HAL_GetHalVersion
 .text.CACHEAXI_CommandByAddr
                0x70101ce4       0x92 ./Drivers/STM32N6xx_HAL_Driver/stm32n6xx_hal_cacheaxi.o
 .text.HAL_CACHEAXI_Enable
                0x70101d76       0x44 ./Drivers/STM32N6xx_HAL_Driver/stm32n6xx_hal_cacheaxi.o
                0x70101d76                HAL_CACHEAXI_Enable
 .text.HAL_CACHEAXI_Init
                0x70101dba       0x24 ./Drivers/STM32N6xx_HAL_Driver/stm32n6xx_hal_cacheaxi.o
                0x70101dba                HAL_CACHEAXI_Init
 .text.HAL_CACHEAXI_CleanInvalidByAddr
                0x70101dde       0x1a ./Drivers/STM32N6xx_HAL_Driver/stm32n6xx_hal_cacheaxi.o
                0x70101dde                HAL_CACHEAXI_CleanInvalidByAddr
 .text.HAL_NVIC_SetPriorityGrouping
                0x70101df8       0x24 ./Drivers/STM32N6xx_HAL_Driver/stm32n6xx_hal_cortex.o
                0x70101df8                HAL_NVIC_SetPriorityGrouping
 .text.HAL_NVIC_SetPriority
                0x70101e1c       0x60 ./Drivers/STM32N6xx_HAL_Driver/stm32n6xx_hal_cortex.o
                0x70101e1c                HAL_NVIC_SetPriority
 .text.HAL_SYSTICK_Config
                0x70101e7c       0x28 ./Drivers/STM32N6xx_HAL_Driver/stm32n6xx_hal_cortex.o
                0x70101e7c                HAL_SYSTICK_Config
 .text.HAL_GPIO_Init
                0x70101ea4      0x1c8 ./Drivers/STM32N6xx_HAL_Driver/stm32n6xx_hal_gpio.o
                0x70101ea4                HAL_GPIO_Init
 .text.HAL_GPIO_WritePin
                0x7010206c        0xa ./Drivers/STM32N6xx_HAL_Driver/stm32n6xx_hal_gpio.o
                0x7010206c                HAL_GPIO_WritePin
 .text.HAL_GPIO_ConfigPinAttributes
                0x70102076       0x30 ./Drivers/STM32N6xx_HAL_Driver/stm32n6xx_hal_gpio.o
                0x70102076                HAL_GPIO_ConfigPinAttributes
 *fill*         0x701020a6        0x2 
 .text.HAL_PWREx_EnableVddIO2
                0x701020a8       0x10 ./Drivers/STM32N6xx_HAL_Driver/stm32n6xx_hal_pwr_ex.o
                0x701020a8                HAL_PWREx_EnableVddIO2
 .text.HAL_PWREx_EnableVddIO3
                0x701020b8       0x10 ./Drivers/STM32N6xx_HAL_Driver/stm32n6xx_hal_pwr_ex.o
                0x701020b8                HAL_PWREx_EnableVddIO3
 .text.HAL_PWREx_EnableVddIO4
                0x701020c8       0x10 ./Drivers/STM32N6xx_HAL_Driver/stm32n6xx_hal_pwr_ex.o
                0x701020c8                HAL_PWREx_EnableVddIO4
 .text.RCC_GetSysClockFreq
                0x701020d8       0x80 ./Drivers/STM32N6xx_HAL_Driver/stm32n6xx_hal_rcc.o
 .text.HAL_RCC_GetCpuClockFreq
                0x70102158       0x90 ./Drivers/STM32N6xx_HAL_Driver/stm32n6xx_hal_rcc.o
                0x70102158                HAL_RCC_GetCpuClockFreq
 .text.HAL_RCC_GetSysClockFreq
                0x701021e8       0x1c ./Drivers/STM32N6xx_HAL_Driver/stm32n6xx_hal_rcc.o
                0x701021e8                HAL_RCC_GetSysClockFreq
 .text.HAL_RCC_GetClockConfig
                0x70102204       0x84 ./Drivers/STM32N6xx_HAL_Driver/stm32n6xx_hal_rcc.o
                0x70102204                HAL_RCC_GetClockConfig
 .text.LL_RCC_HSE_SelectHSEAsDiv2Clock
                0x70102288       0x10 ./Drivers/STM32N6xx_HAL_Driver/stm32n6xx_hal_rcc_ex.o
 .text.LL_RCC_HSE_SelectHSEDiv2AsDiv2Clock
                0x70102298       0x10 ./Drivers/STM32N6xx_HAL_Driver/stm32n6xx_hal_rcc_ex.o
 .text.LL_RCC_HSE_IsSelectedHSEDiv2AsDiv2Clock
                0x701022a8       0x10 ./Drivers/STM32N6xx_HAL_Driver/stm32n6xx_hal_rcc_ex.o
 .text.LL_RCC_HSE_IsReady
                0x701022b8       0x10 ./Drivers/STM32N6xx_HAL_Driver/stm32n6xx_hal_rcc_ex.o
 .text.LL_RCC_HSI_IsReady
                0x701022c8       0x10 ./Drivers/STM32N6xx_HAL_Driver/stm32n6xx_hal_rcc_ex.o
 .text.LL_RCC_MSI_IsReady
                0x701022d8       0x10 ./Drivers/STM32N6xx_HAL_Driver/stm32n6xx_hal_rcc_ex.o
 .text.LL_RCC_LSE_IsReady
                0x701022e8       0x10 ./Drivers/STM32N6xx_HAL_Driver/stm32n6xx_hal_rcc_ex.o
 .text.LL_RCC_SetClockSource
                0x701022f8       0x24 ./Drivers/STM32N6xx_HAL_Driver/stm32n6xx_hal_rcc_ex.o
 .text.LL_RCC_GetClockSource
                0x7010231c       0x1c ./Drivers/STM32N6xx_HAL_Driver/stm32n6xx_hal_rcc_ex.o
 .text.LL_RCC_IC7_IsEnabled
                0x70102338       0x10 ./Drivers/STM32N6xx_HAL_Driver/stm32n6xx_hal_rcc_ex.o
 .text.LL_RCC_IC7_GetDivider
                0x70102348       0x14 ./Drivers/STM32N6xx_HAL_Driver/stm32n6xx_hal_rcc_ex.o
 .text.LL_RCC_IC8_IsEnabled
                0x7010235c       0x10 ./Drivers/STM32N6xx_HAL_Driver/stm32n6xx_hal_rcc_ex.o
 .text.LL_RCC_IC8_GetDivider
                0x7010236c       0x14 ./Drivers/STM32N6xx_HAL_Driver/stm32n6xx_hal_rcc_ex.o
 .text.LL_RCC_IC9_IsEnabled
                0x70102380       0x10 ./Drivers/STM32N6xx_HAL_Driver/stm32n6xx_hal_rcc_ex.o
 .text.LL_RCC_IC9_GetDivider
                0x70102390       0x14 ./Drivers/STM32N6xx_HAL_Driver/stm32n6xx_hal_rcc_ex.o
 .text.LL_RCC_IC14_IsEnabled
                0x701023a4       0x10 ./Drivers/STM32N6xx_HAL_Driver/stm32n6xx_hal_rcc_ex.o
 .text.LL_RCC_IC14_GetDivider
                0x701023b4       0x14 ./Drivers/STM32N6xx_HAL_Driver/stm32n6xx_hal_rcc_ex.o
 .text.LL_RCC_IC15_IsEnabled
                0x701023c8       0x10 ./Drivers/STM32N6xx_HAL_Driver/stm32n6xx_hal_rcc_ex.o
 .text.LL_RCC_IC15_GetDivider
                0x701023d8       0x14 ./Drivers/STM32N6xx_HAL_Driver/stm32n6xx_hal_rcc_ex.o
 .text.RCCEx_GetHCLKFreq
                0x701023ec       0x10 ./Drivers/STM32N6xx_HAL_Driver/stm32n6xx_hal_rcc_ex.o
 .text.RCCEx_GetPLLSourceFreq
                0x701023fc       0x6c ./Drivers/STM32N6xx_HAL_Driver/stm32n6xx_hal_rcc_ex.o
 .text.RCCEx_CalcPLLFreq
                0x70102468       0x58 ./Drivers/STM32N6xx_HAL_Driver/stm32n6xx_hal_rcc_ex.o
 .text.HAL_RCCEx_PeriphCLKConfig
                0x701024c0     0x18dc ./Drivers/STM32N6xx_HAL_Driver/stm32n6xx_hal_rcc_ex.o
                0x701024c0                HAL_RCCEx_PeriphCLKConfig
 .text.HAL_RCCEx_GetPLL1CLKFreq
                0x70103d9c       0x80 ./Drivers/STM32N6xx_HAL_Driver/stm32n6xx_hal_rcc_ex.o
                0x70103d9c                HAL_RCCEx_GetPLL1CLKFreq
 .text.HAL_RCCEx_GetPLL2CLKFreq
                0x70103e1c       0x80 ./Drivers/STM32N6xx_HAL_Driver/stm32n6xx_hal_rcc_ex.o
                0x70103e1c                HAL_RCCEx_GetPLL2CLKFreq
 .text.HAL_RCCEx_GetPLL3CLKFreq
                0x70103e9c       0x80 ./Drivers/STM32N6xx_HAL_Driver/stm32n6xx_hal_rcc_ex.o
                0x70103e9c                HAL_RCCEx_GetPLL3CLKFreq
 .text.HAL_RCCEx_GetPLL4CLKFreq
                0x70103f1c       0x80 ./Drivers/STM32N6xx_HAL_Driver/stm32n6xx_hal_rcc_ex.o
                0x70103f1c                HAL_RCCEx_GetPLL4CLKFreq
 .text.RCCEx_GetCLKPCLKFreq.constprop.0
                0x70103f9c      0x10c ./Drivers/STM32N6xx_HAL_Driver/stm32n6xx_hal_rcc_ex.o
 .text.RCCEx_GetSPDIFRXCLKFreq.constprop.0
                0x701040a8       0xc0 ./Drivers/STM32N6xx_HAL_Driver/stm32n6xx_hal_rcc_ex.o
 .text.RCCEx_GetXSPICLKFreq
                0x70104168       0xf4 ./Drivers/STM32N6xx_HAL_Driver/stm32n6xx_hal_rcc_ex.o
 .text.RCCEx_GetOTGPHYCLKFreq
                0x7010425c       0xcc ./Drivers/STM32N6xx_HAL_Driver/stm32n6xx_hal_rcc_ex.o
 .text.RCCEx_GetOTGPHYCKREFCLKFreq
                0x70104328       0x60 ./Drivers/STM32N6xx_HAL_Driver/stm32n6xx_hal_rcc_ex.o
 .text.RCCEx_GetUSARTCLKFreq
                0x70104388      0x200 ./Drivers/STM32N6xx_HAL_Driver/stm32n6xx_hal_rcc_ex.o
 .text.RCCEx_GetUARTCLKFreq
                0x70104588      0x224 ./Drivers/STM32N6xx_HAL_Driver/stm32n6xx_hal_rcc_ex.o
 .text.RCCEx_GetSPICLKFreq
                0x701047ac      0x27c ./Drivers/STM32N6xx_HAL_Driver/stm32n6xx_hal_rcc_ex.o
 .text.RCCEx_GetSAICLKFreq
                0x70104a28      0x150 ./Drivers/STM32N6xx_HAL_Driver/stm32n6xx_hal_rcc_ex.o
 .text.RCCEx_GetI3CCLKFreq
                0x70104b78      0x118 ./Drivers/STM32N6xx_HAL_Driver/stm32n6xx_hal_rcc_ex.o
 .text.RCCEx_GetSDMMCCLKFreq
                0x70104c90       0xcc ./Drivers/STM32N6xx_HAL_Driver/stm32n6xx_hal_rcc_ex.o
 .text.RCCEx_GetI2CCLKFreq
                0x70104d5c      0x17c ./Drivers/STM32N6xx_HAL_Driver/stm32n6xx_hal_rcc_ex.o
 .text.RCCEx_GetLPTIMCLKFreq
                0x70104ed8      0x1b8 ./Drivers/STM32N6xx_HAL_Driver/stm32n6xx_hal_rcc_ex.o
 .text.HAL_RCCEx_GetPeriphCLKFreq
                0x70105090      0x978 ./Drivers/STM32N6xx_HAL_Driver/stm32n6xx_hal_rcc_ex.o
                0x70105090                HAL_RCCEx_GetPeriphCLKFreq
 .text.HAL_RIF_RIMC_ConfigMasterAttributes
                0x70105a08       0x2c ./Drivers/STM32N6xx_HAL_Driver/stm32n6xx_hal_rif.o
                0x70105a08                HAL_RIF_RIMC_ConfigMasterAttributes
 .text.HAL_RIF_RISC_SetSlaveSecureAttributes
                0x70105a34       0x52 ./Drivers/STM32N6xx_HAL_Driver/stm32n6xx_hal_rif.o
                0x70105a34                HAL_RIF_RISC_SetSlaveSecureAttributes
 .text.HAL_RIF_RISAF_ConfigBaseRegion
                0x70105a86       0x36 ./Drivers/STM32N6xx_HAL_Driver/stm32n6xx_hal_rif.o
                0x70105a86                HAL_RIF_RISAF_ConfigBaseRegion
 .text.UART_EndRxTransfer
                0x70105abc       0x58 ./Drivers/STM32N6xx_HAL_Driver/stm32n6xx_hal_uart.o
 .text.UART_SetConfig
                0x70105b14      0x218 ./Drivers/STM32N6xx_HAL_Driver/stm32n6xx_hal_uart.o
                0x70105b14                UART_SetConfig
 .text.UART_AdvFeatureConfig
                0x70105d2c       0xaa ./Drivers/STM32N6xx_HAL_Driver/stm32n6xx_hal_uart.o
                0x70105d2c                UART_AdvFeatureConfig
 .text.UART_WaitOnFlagUntilTimeout
                0x70105dd6       0x90 ./Drivers/STM32N6xx_HAL_Driver/stm32n6xx_hal_uart.o
                0x70105dd6                UART_WaitOnFlagUntilTimeout
 .text.HAL_UART_Transmit
                0x70105e66       0xba ./Drivers/STM32N6xx_HAL_Driver/stm32n6xx_hal_uart.o
                0x70105e66                HAL_UART_Transmit
 .text.HAL_UART_Receive
                0x70105f20       0xdc ./Drivers/STM32N6xx_HAL_Driver/stm32n6xx_hal_uart.o
                0x70105f20                HAL_UART_Receive
 .text.UART_CheckIdleState
                0x70105ffc       0xb6 ./Drivers/STM32N6xx_HAL_Driver/stm32n6xx_hal_uart.o
                0x70105ffc                UART_CheckIdleState
 .text.HAL_UART_Init
                0x701060b2       0x60 ./Drivers/STM32N6xx_HAL_Driver/stm32n6xx_hal_uart.o
                0x701060b2                HAL_UART_Init
 *fill*         0x70106112        0x2 
 .text.UARTEx_SetNbDataToProcess
                0x70106114       0x44 ./Drivers/STM32N6xx_HAL_Driver/stm32n6xx_hal_uart_ex.o
 .text.HAL_UARTEx_DisableFifoMode
                0x70106158       0x36 ./Drivers/STM32N6xx_HAL_Driver/stm32n6xx_hal_uart_ex.o
                0x70106158                HAL_UARTEx_DisableFifoMode
 .text.HAL_UARTEx_SetTxFifoThreshold
                0x7010618e       0x40 ./Drivers/STM32N6xx_HAL_Driver/stm32n6xx_hal_uart_ex.o
                0x7010618e                HAL_UARTEx_SetTxFifoThreshold
 .text.HAL_UARTEx_SetRxFifoThreshold
                0x701061ce       0x40 ./Drivers/STM32N6xx_HAL_Driver/stm32n6xx_hal_uart_ex.o
                0x701061ce                HAL_UARTEx_SetRxFifoThreshold
 .text._put_c_buffer_cb
                0x7010620e       0x1c ./Middlewares/ST/AI/Misc/Src/aiTestUtility.o
 *fill*         0x7010622a        0x2 
 .text._put_c_driver
                0x7010622c       0x28 ./Middlewares/ST/AI/Misc/Src/aiTestUtility.o
 .text.ioRawWriteBuffer
                0x70106254       0x1c ./Middlewares/ST/AI/Misc/Src/aiTestUtility.o
                0x70106254                ioRawWriteBuffer
 .text.ioRawReadBuffer
                0x70106270       0x1c ./Middlewares/ST/AI/Misc/Src/aiTestUtility.o
                0x70106270                ioRawReadBuffer
 .text.ioRawDisableLLWrite
                0x7010628c        0xc ./Middlewares/ST/AI/Misc/Src/aiTestUtility.o
                0x7010628c                ioRawDisableLLWrite
 .text._write   0x70106298       0x40 ./Middlewares/ST/AI/Misc/Src/aiTestUtility.o
                0x70106298                _write
 .text.uint32_to_str
                0x701062d8       0x48 ./Middlewares/ST/AI/Misc/Src/aiTestUtility.o
                0x701062d8                uint32_to_str
 .text.lc_print
                0x70106320       0x24 ./Middlewares/ST/AI/Misc/Src/aiTestUtility.o
                0x70106320                lc_print
 .text.lc_vsnprint
                0x70106344       0x20 ./Middlewares/ST/AI/Misc/Src/aiTestUtility.o
                0x70106344                lc_vsnprint
 .text.dwtCyclesToTime
                0x70106364       0x7c ./Middlewares/ST/AI/Misc/Src/aiTestUtility.o
                0x70106364                dwtCyclesToTime
 .text.dwtCyclesToFloatMs
                0x701063e0       0x38 ./Middlewares/ST/AI/Misc/Src/aiTestUtility.o
                0x701063e0                dwtCyclesToFloatMs
 .text.getFlashCacheConf
                0x70106418       0x2c ./Middlewares/ST/AI/Misc/Src/aiTestUtility.o
                0x70106418                getFlashCacheConf
 .text.getSysConf
                0x70106444       0x30 ./Middlewares/ST/AI/Misc/Src/aiTestUtility.o
                0x70106444                getSysConf
 .text.systemSettingLog
                0x70106474       0xd8 ./Middlewares/ST/AI/Misc/Src/aiTestUtility.o
                0x70106474                systemSettingLog
 .text.get_IC_freq
                0x7010654c       0x2e ./Middlewares/ST/AI/Misc/Src/ai_device_adaptor.o
 *fill*         0x7010657a        0x2 
 .text.port_hal_set_extra_conf
                0x7010657c       0x6c ./Middlewares/ST/AI/Misc/Src/ai_device_adaptor.o
                0x7010657c                port_hal_set_extra_conf
 .text.port_dwt_init_imp
                0x701065e8       0x30 ./Middlewares/ST/AI/Misc/Src/ai_device_adaptor.o
                0x701065e8                port_dwt_init_imp
 .text._write_number
                0x70106618      0x146 ./Middlewares/ST/AI/Misc/Src/lc_print.o
 *fill*         0x7010675e        0x2 
 .text.vlc_print
                0x70106760      0x3e8 ./Middlewares/ST/AI/Misc/Src/lc_print.o
                0x70106760                vlc_print
 .text.ec_get_blob_ptr
                0x70106b48       0x2c ./Middlewares/ST/AI/Npu/ecloader.o
                0x70106b48                ec_get_blob_ptr
 .text.ec_copy_blob
                0x70106b74       0x74 ./Middlewares/ST/AI/Npu/ecloader.o
                0x70106b74                ec_copy_blob
 .text.ec_reloc
                0x70106be8       0x70 ./Middlewares/ST/AI/Npu/ecloader.o
                0x70106be8                ec_reloc
 .text.LL_ATON_Init
                0x70106c58      0x538 ./Middlewares/ST/AI/Npu/ll_aton.o
                0x70106c58                LL_ATON_Init
 .text.LL_ATON_DeInit
                0x70107190       0x24 ./Middlewares/ST/AI/Npu/ll_aton.o
                0x70107190                LL_ATON_DeInit
 .text.LL_EpochCtrl_Init
                0x701071b4       0x38 ./Middlewares/ST/AI/Npu/ll_aton.o
                0x701071b4                LL_EpochCtrl_Init
 .text.LL_ATON_EnableClock
                0x701071ec       0x24 ./Middlewares/ST/AI/Npu/ll_aton.o
                0x701071ec                LL_ATON_EnableClock
 .text.LL_ATON_DisableClock
                0x70107210       0x20 ./Middlewares/ST/AI/Npu/ll_aton.o
                0x70107210                LL_ATON_DisableClock
 .text.LL_Busif_SetKeys
                0x70107230       0x58 ./Middlewares/ST/AI/Npu/ll_aton_cipher.o
                0x70107230                LL_Busif_SetKeys
 .text.LL_EpochCtrl_EncryptionInit
                0x70107288       0x40 ./Middlewares/ST/AI/Npu/ll_aton_cipher.o
                0x70107288                LL_EpochCtrl_EncryptionInit
 .text.LL_Dbgtrc_Init
                0x701072c8       0x28 ./Middlewares/ST/AI/Npu/ll_aton_dbgtrc.o
                0x701072c8                LL_Dbgtrc_Init
 .text.LL_Dbgtrc_Deinit
                0x701072f0       0x20 ./Middlewares/ST/AI/Npu/ll_aton_dbgtrc.o
                0x701072f0                LL_Dbgtrc_Deinit
 .text.LL_Dbgtrc_EnableClock
                0x70107310       0x28 ./Middlewares/ST/AI/Npu/ll_aton_dbgtrc.o
                0x70107310                LL_Dbgtrc_EnableClock
 .text.LL_Dbgtrc_DisableClock
                0x70107338       0x10 ./Middlewares/ST/AI/Npu/ll_aton_dbgtrc.o
                0x70107338                LL_Dbgtrc_DisableClock
 .text.LL_Dbgtrc_Counter_Init
                0x70107348       0x64 ./Middlewares/ST/AI/Npu/ll_aton_dbgtrc.o
                0x70107348                LL_Dbgtrc_Counter_Init
 .text.LL_Dbgtrc_Counter_Start
                0x701073ac       0x24 ./Middlewares/ST/AI/Npu/ll_aton_dbgtrc.o
                0x701073ac                LL_Dbgtrc_Counter_Start
 .text.LL_Dbgtrc_Counter_Stop
                0x701073d0       0x24 ./Middlewares/ST/AI/Npu/ll_aton_dbgtrc.o
                0x701073d0                LL_Dbgtrc_Counter_Stop
 .text.LL_Dbgtrc_Counter_Read
                0x701073f4       0x1c ./Middlewares/ST/AI/Npu/ll_aton_dbgtrc.o
                0x701073f4                LL_Dbgtrc_Counter_Read
 .text.LL_Dbgtrc_Count_StrengActive_Config
                0x70107410       0x5e ./Middlewares/ST/AI/Npu/ll_aton_dbgtrc.o
                0x70107410                LL_Dbgtrc_Count_StrengActive_Config
 .text.LL_Dbgtrc_Count_StrengActive_Start
                0x7010746e       0x28 ./Middlewares/ST/AI/Npu/ll_aton_dbgtrc.o
                0x7010746e                LL_Dbgtrc_Count_StrengActive_Start
 .text.LL_Dbgtrc_Count_StrengActive_Stop
                0x70107496       0x28 ./Middlewares/ST/AI/Npu/ll_aton_dbgtrc.o
                0x70107496                LL_Dbgtrc_Count_StrengActive_Stop
 *fill*         0x701074be        0x2 
 .text.LL_Dbgtrc_Count_StrengHENV_Config
                0x701074c0       0x44 ./Middlewares/ST/AI/Npu/ll_aton_dbgtrc.o
                0x701074c0                LL_Dbgtrc_Count_StrengHENV_Config
 .text.LL_Dbgtrc_Count_StrengHENV_Start
                0x70107504       0x24 ./Middlewares/ST/AI/Npu/ll_aton_dbgtrc.o
                0x70107504                LL_Dbgtrc_Count_StrengHENV_Start
 .text.LL_Dbgtrc_Count_StrengHENV_Stop
                0x70107528        0x4 ./Middlewares/ST/AI/Npu/ll_aton_dbgtrc.o
                0x70107528                LL_Dbgtrc_Count_StrengHENV_Stop
 .text.LL_Dbgtrc_Count_BurstsLen
                0x7010752c       0x4c ./Middlewares/ST/AI/Npu/ll_aton_dbgtrc.o
                0x7010752c                LL_Dbgtrc_Count_BurstsLen
 .text.LL_Dbgtrc_BurstLenBenchStart
                0x70107578       0x32 ./Middlewares/ST/AI/Npu/ll_aton_dbgtrc.o
                0x70107578                LL_Dbgtrc_BurstLenBenchStart
 .text.LL_Dbgtrc_BurstLenGet
                0x701075aa       0x1e ./Middlewares/ST/AI/Npu/ll_aton_dbgtrc.o
                0x701075aa                LL_Dbgtrc_BurstLenGet
 .text.LL_Dbgtrc_GetTotalTranfers
                0x701075c8       0x60 ./Middlewares/ST/AI/Npu/ll_aton_dbgtrc.o
                0x701075c8                LL_Dbgtrc_GetTotalTranfers
 .text.__LL_ATON_RT_Init_Network
                0x70107628       0x4e ./Middlewares/ST/AI/Npu/ll_aton_runtime.o
 *fill*         0x70107676        0x2 
 .text.__LL_ATON_RT_SetWaitMask
                0x70107678       0x38 ./Middlewares/ST/AI/Npu/ll_aton_runtime.o
 .text.EpochBlock_EpochControllerUnit
                0x701076b0       0x28 ./Middlewares/ST/AI/Npu/ll_aton_runtime.o
 .text.__ll_clear_aton_owner
                0x701076d8       0x58 ./Middlewares/ST/AI/Npu/ll_aton_runtime.o
 .text.__LL_ATON_RT_ExecEndEpochBlock
                0x70107730       0xc0 ./Middlewares/ST/AI/Npu/ll_aton_runtime.o
 .text.__LL_ATON_RT_DetermineNextEpochBlock
                0x701077f0       0x88 ./Middlewares/ST/AI/Npu/ll_aton_runtime.o
 .text.dump_dma_state
                0x70107878        0x2 ./Middlewares/ST/AI/Npu/ll_aton_runtime.o
                0x70107878                dump_dma_state
 *fill*         0x7010787a        0x2 
 .text.__LL_ATON_RT_IrqErr
                0x7010787c      0x11c ./Middlewares/ST/AI/Npu/ll_aton_runtime.o
 .text.LL_ATON_RT_SetRuntimeCallback
                0x70107998        0xc ./Middlewares/ST/AI/Npu/ll_aton_runtime.o
                0x70107998                LL_ATON_RT_SetRuntimeCallback
 .text.LL_ATON_RT_SetNetworkCallback
                0x701079a4       0x24 ./Middlewares/ST/AI/Npu/ll_aton_runtime.o
                0x701079a4                LL_ATON_RT_SetNetworkCallback
 .text.LL_ATON_RT_Init_Network
                0x701079c8       0x48 ./Middlewares/ST/AI/Npu/ll_aton_runtime.o
                0x701079c8                LL_ATON_RT_Init_Network
 .text.LL_ATON_RT_DeInit_Network
                0x70107a10       0x40 ./Middlewares/ST/AI/Npu/ll_aton_runtime.o
                0x70107a10                LL_ATON_RT_DeInit_Network
 .text.LL_ATON_RT_Reset_Network
                0x70107a50       0x12 ./Middlewares/ST/AI/Npu/ll_aton_runtime.o
                0x70107a50                LL_ATON_RT_Reset_Network
 *fill*         0x70107a62        0x2 
 .text.LL_ATON_RT_RuntimeInit
                0x70107a64       0x94 ./Middlewares/ST/AI/Npu/ll_aton_runtime.o
                0x70107a64                LL_ATON_RT_RuntimeInit
 .text.LL_ATON_RT_RuntimeDeInit
                0x70107af8       0x60 ./Middlewares/ST/AI/Npu/ll_aton_runtime.o
                0x70107af8                LL_ATON_RT_RuntimeDeInit
 .text.LL_ATON_RT_RunEpochBlock
                0x70107b58      0x2ec ./Middlewares/ST/AI/Npu/ll_aton_runtime.o
                0x70107b58                LL_ATON_RT_RunEpochBlock
 .text.NPU0_IRQHandler
                0x70107e44      0x10c ./Middlewares/ST/AI/Npu/ll_aton_runtime.o
                0x70107e44                NPU0_IRQHandler
 .text._stai_aton_internal_rt_callback
                0x70107f50       0x1c ./Middlewares/ST/AI/Npu/ll_aton_stai_internal.o
 .text._stai_aton_internal_epoch_block_callback
                0x70107f6c       0x1a ./Middlewares/ST/AI/Npu/ll_aton_stai_internal.o
                0x70107f6c                _stai_aton_internal_epoch_block_callback
 *fill*         0x70107f86        0x2 
 .text.stai_runtime_set_callback
                0x70107f88       0x24 ./Middlewares/ST/AI/Npu/ll_aton_stai_internal.o
                0x70107f88                stai_runtime_set_callback
 .text.stai_runtime_init
                0x70107fac        0xa ./Middlewares/ST/AI/Npu/ll_aton_stai_internal.o
                0x70107fac                stai_runtime_init
 *fill*         0x70107fb6        0x2 
 .text.stai_runtime_deinit
                0x70107fb8       0x24 ./Middlewares/ST/AI/Npu/ll_aton_stai_internal.o
                0x70107fb8                stai_runtime_deinit
 .text.stai_runtime_get_info
                0x70107fdc       0x24 ./Middlewares/ST/AI/Npu/ll_aton_stai_internal.o
                0x70107fdc                stai_runtime_get_info
 .text.__ll_aton_stai_init_network_instance
                0x70108000        0x4 ./Middlewares/ST/AI/Npu/ll_aton_stai_internal.o
                0x70108000                __ll_aton_stai_init_network_instance
 .text.__ll_aton_stai_deinit_network_instance
                0x70108004        0x4 ./Middlewares/ST/AI/Npu/ll_aton_stai_internal.o
                0x70108004                __ll_aton_stai_deinit_network_instance
 .text.__ll_aton_stai_set_execution_status
                0x70108008       0x18 ./Middlewares/ST/AI/Npu/ll_aton_stai_internal.o
                0x70108008                __ll_aton_stai_set_execution_status
 .text.__ll_aton_stai_get_execution_status
                0x70108020        0x4 ./Middlewares/ST/AI/Npu/ll_aton_stai_internal.o
                0x70108020                __ll_aton_stai_get_execution_status
 .text.__ll_aton_stai_reset
                0x70108024       0x48 ./Middlewares/ST/AI/Npu/ll_aton_stai_internal.o
                0x70108024                __ll_aton_stai_reset
 .text.__ll_aton_stai_run
                0x7010806c       0x98 ./Middlewares/ST/AI/Npu/ll_aton_stai_internal.o
                0x7010806c                __ll_aton_stai_run
 .text.mcu_cache_clean_invalidate
                0x70108104       0x58 ./Middlewares/ST/AI/Npu/mcu_cache.o
                0x70108104                mcu_cache_clean_invalidate
 .text.mcu_cache_invalidate_range
                0x7010815c       0x54 ./Middlewares/ST/AI/Npu/mcu_cache.o
                0x7010815c                mcu_cache_invalidate_range
 .text.mcu_cache_clean_range
                0x701081b0       0x54 ./Middlewares/ST/AI/Npu/mcu_cache.o
                0x701081b0                mcu_cache_clean_range
 .text.mcu_cache_clean_invalidate_range
                0x70108204       0x54 ./Middlewares/ST/AI/Npu/mcu_cache.o
                0x70108204                mcu_cache_clean_invalidate_range
 .text.write_callback
                0x70108258       0x58 ./Middlewares/ST/AI/Validation/Src/aiPbIO.o
 .text.read_packet
                0x701082b0       0x2c ./Middlewares/ST/AI/Validation/Src/aiPbIO.o
 .text.read_callback
                0x701082dc       0x88 ./Middlewares/ST/AI/Validation/Src/aiPbIO.o
 .text.pb_io_reset_packet_size
                0x70108364        0xc ./Middlewares/ST/AI/Validation/Src/aiPbIO.o
                0x70108364                pb_io_reset_packet_size
 .text.pb_io_flush_ostream
                0x70108370       0x2c ./Middlewares/ST/AI/Validation/Src/aiPbIO.o
                0x70108370                pb_io_flush_ostream
 .text.pb_io_flush_istream
                0x7010839c       0x18 ./Middlewares/ST/AI/Validation/Src/aiPbIO.o
                0x7010839c                pb_io_flush_istream
 .text.pb_io_ostream
                0x701083b4       0x18 ./Middlewares/ST/AI/Validation/Src/aiPbIO.o
                0x701083b4                pb_io_ostream
 .text.pb_io_istream
                0x701083cc       0x14 ./Middlewares/ST/AI/Validation/Src/aiPbIO.o
                0x701083cc                pb_io_istream
 .text.pb_io_stream_init
                0x701083e0        0xa ./Middlewares/ST/AI/Validation/Src/aiPbIO.o
                0x701083e0                pb_io_stream_init
 .text.encode_uint32
                0x701083ea       0x56 ./Middlewares/ST/AI/Validation/Src/aiPbMgr.o
                0x701083ea                encode_uint32
 .text.encode_data_cb
                0x70108440       0x1e ./Middlewares/ST/AI/Validation/Src/aiPbMgr.o
                0x70108440                encode_data_cb
 .text.decode_data_cb
                0x7010845e       0x3e ./Middlewares/ST/AI/Validation/Src/aiPbMgr.o
 .text.aiPbMgrInit
                0x7010849c       0x70 ./Middlewares/ST/AI/Validation/Src/aiPbMgr.o
                0x7010849c                aiPbMgrInit
 .text.aiPbTensorFormat
                0x7010850c       0x64 ./Middlewares/ST/AI/Validation/Src/aiPbMgr.o
                0x7010850c                aiPbTensorFormat
 .text.aiPbStrCopy
                0x70108570       0x4c ./Middlewares/ST/AI/Validation/Src/aiPbMgr.o
                0x70108570                aiPbStrCopy
 .text.encode_tensor_desc
                0x701085bc       0x64 ./Middlewares/ST/AI/Validation/Src/aiPbMgr.o
                0x701085bc                encode_tensor_desc
 .text.aiPbMgrSendResp
                0x70108620       0x24 ./Middlewares/ST/AI/Validation/Src/aiPbMgr.o
                0x70108620                aiPbMgrSendResp
 .text.aiPbMgrWaitAndProcess
                0x70108644       0x88 ./Middlewares/ST/AI/Validation/Src/aiPbMgr.o
                0x70108644                aiPbMgrWaitAndProcess
 .text.aiPbMgrSendAck
                0x701086cc       0x14 ./Middlewares/ST/AI/Validation/Src/aiPbMgr.o
                0x701086cc                aiPbMgrSendAck
 .text.aiPbMgrWaitAck
                0x701086e0       0x28 ./Middlewares/ST/AI/Validation/Src/aiPbMgr.o
                0x701086e0                aiPbMgrWaitAck
 .text.aiPbMgrSendLogV2
                0x70108708       0x6c ./Middlewares/ST/AI/Validation/Src/aiPbMgr.o
                0x70108708                aiPbMgrSendLogV2
 .text.aiPbMgrReceiveData
                0x70108774       0x34 ./Middlewares/ST/AI/Validation/Src/aiPbMgr.o
                0x70108774                aiPbMgrReceiveData
 .text.aiPbMgrSendOperator
                0x701087a8       0x74 ./Middlewares/ST/AI/Validation/Src/aiPbMgr.o
                0x701087a8                aiPbMgrSendOperator
 .text.aiPbCmdDisconnect
                0x7010881c        0x4 ./Middlewares/ST/AI/Validation/Src/aiPbMgr.o
                0x7010881c                aiPbCmdDisconnect
 .text.aiPbCmdSync
                0x70108820       0x22 ./Middlewares/ST/AI/Validation/Src/aiPbMgr.o
                0x70108820                aiPbCmdSync
 *fill*         0x70108842        0x2 
 .text._get_node_type
                0x70108844       0x70 ./Middlewares/ST/AI/Validation/Src/aiValidation_ATON_ST_AI.o
 .text._is_ll_buffer_valid
                0x701088b4       0x40 ./Middlewares/ST/AI/Validation/Src/aiValidation_ATON_ST_AI.o
 .text.encode_buffer_to_tensor_desc
                0x701088f4       0x40 ./Middlewares/ST/AI/Validation/Src/aiValidation_ATON_ST_AI.o
 .text.aiPbCmdSysInfo
                0x70108934       0x48 ./Middlewares/ST/AI/Validation/Src/aiValidation_ATON_ST_AI.o
                0x70108934                aiPbCmdSysInfo
 .text.aiExecCtx
                0x7010897c       0x98 ./Middlewares/ST/AI/Validation/Src/aiValidation_ATON_ST_AI.o
 .text.LL_Buffer_addr_start
                0x70108a14        0xe ./Middlewares/ST/AI/Validation/Src/aiValidation_ATON_ST_AI.o
 *fill*         0x70108a22        0x2 
 .text.fill_tensor_desc_msg
                0x70108a24       0xd0 ./Middlewares/ST/AI/Validation/Src/aiValidation_ATON_ST_AI.o
 .text.encode_ll_buffer_to_tensor_desc
                0x70108af4       0x20 ./Middlewares/ST/AI/Validation/Src/aiValidation_ATON_ST_AI.o
 .text.print_ll_io_buffer
                0x70108b14       0xc0 ./Middlewares/ST/AI/Validation/Src/aiValidation_ATON_ST_AI.o
 .text.send_ai_io_tensor.constprop.0.isra.0
                0x70108bd4       0x74 ./Middlewares/ST/AI/Validation/Src/aiValidation_ATON_ST_AI.o
 .text._print_debug
                0x70108c48       0x48 ./Middlewares/ST/AI/Validation/Src/aiValidation_ATON_ST_AI.o
                0x70108c48                _print_debug
 .text.aiPbCmdNNInfo
                0x70108c90      0x270 ./Middlewares/ST/AI/Validation/Src/aiValidation_ATON_ST_AI.o
                0x70108c90                aiPbCmdNNInfo
 .text.aiPbCmdNNRun
                0x70108f00      0x2d0 ./Middlewares/ST/AI/Validation/Src/aiValidation_ATON_ST_AI.o
                0x70108f00                aiPbCmdNNRun
 .text._find_cdt_ll_buffers
                0x701091d0       0xa8 ./Middlewares/ST/AI/Validation/Src/aiValidation_ATON_ST_AI.o
                0x701091d0                _find_cdt_ll_buffers
 .text._log_counters
                0x70109278      0x260 ./Middlewares/ST/AI/Validation/Src/aiValidation_ATON_ST_AI.o
                0x70109278                _log_counters
 .text.npu_dump_tensors_cb
                0x701094d8      0x1dc ./Middlewares/ST/AI/Validation/Src/aiValidation_ATON_ST_AI.o
                0x701094d8                npu_dump_tensors_cb
 .text.aiValidationInit
                0x701096b4       0x80 ./Middlewares/ST/AI/Validation/Src/aiValidation_ATON_ST_AI.o
                0x701096b4                aiValidationInit
 .text.aiValidationProcess
                0x70109734      0x20c ./Middlewares/ST/AI/Validation/Src/aiValidation_ATON_ST_AI.o
                0x70109734                aiValidationProcess
 .text.connect_input_buffers
                0x70109940        0x2 ./Middlewares/ST/AI/Validation/Src/ai_io_buffers_ATON.o
                0x70109940                connect_input_buffers
 .text.connect_output_buffers
                0x70109942        0x2 ./Middlewares/ST/AI/Validation/Src/ai_io_buffers_ATON.o
                0x70109942                connect_output_buffers
 .text.LL_Buffer_addr_start
                0x70109944        0xe ./Middlewares/ST/AI/Validation/Src/ai_wrapper_ATON_ST_AI.o
 *fill*         0x70109952        0x2 
 .text.ARM_PMU_CYCCNT_Reset
                0x70109954       0x14 ./Middlewares/ST/AI/Validation/Src/ai_wrapper_ATON_ST_AI.o
 .text._rt_callback
                0x70109968       0x4c ./Middlewares/ST/AI/Validation/Src/ai_wrapper_ATON_ST_AI.o
 .text._get_used_size_from_region
                0x701099b4       0x84 ./Middlewares/ST/AI/Validation/Src/ai_wrapper_ATON_ST_AI.o
 .text.npu_cache_counters_enable
                0x70109a38       0x2c ./Middlewares/ST/AI/Validation/Src/ai_wrapper_ATON_ST_AI.o
                0x70109a38                npu_cache_counters_enable
 .text.npu_cache_counters_disable
                0x70109a64       0x1c ./Middlewares/ST/AI/Validation/Src/ai_wrapper_ATON_ST_AI.o
                0x70109a64                npu_cache_counters_disable
 .text.npu_cache_counters_get
                0x70109a80       0x34 ./Middlewares/ST/AI/Validation/Src/ai_wrapper_ATON_ST_AI.o
                0x70109a80                npu_cache_counters_get
 .text.get_ll_buffer_size
                0x70109ab4        0x8 ./Middlewares/ST/AI/Validation/Src/ai_wrapper_ATON_ST_AI.o
                0x70109ab4                get_ll_buffer_size
 .text.get_ll_element_size
                0x70109abc        0x8 ./Middlewares/ST/AI/Validation/Src/ai_wrapper_ATON_ST_AI.o
                0x70109abc                get_ll_element_size
 .text._dump_streng_counters
                0x70109ac4       0x30 ./Middlewares/ST/AI/Validation/Src/ai_wrapper_ATON_ST_AI.o
                0x70109ac4                _dump_streng_counters
 .text._epoch_callback
                0x70109af4      0x300 ./Middlewares/ST/AI/Validation/Src/ai_wrapper_ATON_ST_AI.o
 .text.npu_get_input_buffers_info
                0x70109df4       0x2e ./Middlewares/ST/AI/Validation/Src/ai_wrapper_ATON_ST_AI.o
                0x70109df4                npu_get_input_buffers_info
 .text.npu_get_output_buffers_info
                0x70109e22       0x2e ./Middlewares/ST/AI/Validation/Src/ai_wrapper_ATON_ST_AI.o
                0x70109e22                npu_get_output_buffers_info
 .text.npu_get_internal_buffers_info
                0x70109e50        0xe ./Middlewares/ST/AI/Validation/Src/ai_wrapper_ATON_ST_AI.o
                0x70109e50                npu_get_internal_buffers_info
 *fill*         0x70109e5e        0x2 
 .text.npu_get_instance_by_index
                0x70109e60      0x228 ./Middlewares/ST/AI/Validation/Src/ai_wrapper_ATON_ST_AI.o
                0x70109e60                npu_get_instance_by_index
 .text.npu_set_callback
                0x7010a088       0x10 ./Middlewares/ST/AI/Validation/Src/ai_wrapper_ATON_ST_AI.o
                0x7010a088                npu_set_callback
 .text.npu_init
                0x7010a098       0x94 ./Middlewares/ST/AI/Validation/Src/ai_wrapper_ATON_ST_AI.o
                0x7010a098                npu_init
 *fill*         0x7010a12c        0x4 
 .text.npu_run  0x7010a130      0x200 ./Middlewares/ST/AI/Validation/Src/ai_wrapper_ATON_ST_AI.o
                0x7010a130                npu_run
 .text.pb_field_iter_begin
                0x7010a330       0x22 ./Middlewares/ST/AI/Validation/Src/pb_common.o
                0x7010a330                pb_field_iter_begin
 .text.pb_field_iter_next
                0x7010a352       0x7c ./Middlewares/ST/AI/Validation/Src/pb_common.o
                0x7010a352                pb_field_iter_next
 .text.pb_field_iter_find
                0x7010a3ce       0x2e ./Middlewares/ST/AI/Validation/Src/pb_common.o
                0x7010a3ce                pb_field_iter_find
 .text.buf_read
                0x7010a3fc       0x26 ./Middlewares/ST/AI/Validation/Src/pb_decode.o
 .text.pb_readbyte
                0x7010a422       0x1e ./Middlewares/ST/AI/Validation/Src/pb_decode.o
 .text.pb_decode_varint32_eof
                0x7010a440       0x8a ./Middlewares/ST/AI/Validation/Src/pb_decode.o
 .text.pb_field_set_to_default
                0x7010a4ca       0xbe ./Middlewares/ST/AI/Validation/Src/pb_decode.o
 .text.pb_message_set_to_defaults
                0x7010a588       0x20 ./Middlewares/ST/AI/Validation/Src/pb_decode.o
 .text.pb_read  0x7010a5a8       0x58 ./Middlewares/ST/AI/Validation/Src/pb_decode.o
                0x7010a5a8                pb_read
 .text.pb_decode_varint32
                0x7010a600        0x6 ./Middlewares/ST/AI/Validation/Src/pb_decode.o
                0x7010a600                pb_decode_varint32
 .text.pb_dec_fixed_length_bytes
                0x7010a606       0x44 ./Middlewares/ST/AI/Validation/Src/pb_decode.o
 .text.pb_dec_string
                0x7010a64a       0x3e ./Middlewares/ST/AI/Validation/Src/pb_decode.o
 .text.pb_dec_bytes
                0x7010a688       0x42 ./Middlewares/ST/AI/Validation/Src/pb_decode.o
 .text.pb_decode_varint
                0x7010a6ca       0x4e ./Middlewares/ST/AI/Validation/Src/pb_decode.o
                0x7010a6ca                pb_decode_varint
 .text.pb_dec_uvarint
                0x7010a718       0x64 ./Middlewares/ST/AI/Validation/Src/pb_decode.o
 .text.pb_dec_varint
                0x7010a77c       0x56 ./Middlewares/ST/AI/Validation/Src/pb_decode.o
 .text.pb_decode_tag
                0x7010a7d2       0x34 ./Middlewares/ST/AI/Validation/Src/pb_decode.o
                0x7010a7d2                pb_decode_tag
 .text.pb_skip_field
                0x7010a806       0x50 ./Middlewares/ST/AI/Validation/Src/pb_decode.o
                0x7010a806                pb_skip_field
 .text.pb_make_string_substream
                0x7010a856       0x30 ./Middlewares/ST/AI/Validation/Src/pb_decode.o
                0x7010a856                pb_make_string_substream
 .text.pb_close_string_substream
                0x7010a886       0x20 ./Middlewares/ST/AI/Validation/Src/pb_decode.o
                0x7010a886                pb_close_string_substream
 *fill*         0x7010a8a6        0x2 
 .text.decode_field
                0x7010a8a8      0x1a0 ./Middlewares/ST/AI/Validation/Src/pb_decode.o
 .text.pb_decode_noinit
                0x7010aa48      0x1ea ./Middlewares/ST/AI/Validation/Src/pb_decode.o
                0x7010aa48                pb_decode_noinit
 .text.pb_decode
                0x7010ac32       0x1e ./Middlewares/ST/AI/Validation/Src/pb_decode.o
                0x7010ac32                pb_decode
 .text.pb_dec_submessage
                0x7010ac50       0x46 ./Middlewares/ST/AI/Validation/Src/pb_decode.o
 .text.pb_decode_delimited
                0x7010ac96       0x2c ./Middlewares/ST/AI/Validation/Src/pb_decode.o
                0x7010ac96                pb_decode_delimited
 .text.pb_decode_svarint
                0x7010acc2       0x2a ./Middlewares/ST/AI/Validation/Src/pb_decode.o
                0x7010acc2                pb_decode_svarint
 .text.pb_dec_svarint
                0x7010acec       0x64 ./Middlewares/ST/AI/Validation/Src/pb_decode.o
 .text.pb_decode_fixed32
                0x7010ad50       0x18 ./Middlewares/ST/AI/Validation/Src/pb_decode.o
                0x7010ad50                pb_decode_fixed32
 .text.pb_dec_fixed32
                0x7010ad68        0x6 ./Middlewares/ST/AI/Validation/Src/pb_decode.o
 .text.pb_decode_fixed64
                0x7010ad6e       0x1a ./Middlewares/ST/AI/Validation/Src/pb_decode.o
                0x7010ad6e                pb_decode_fixed64
 .text.pb_dec_fixed64
                0x7010ad88        0x6 ./Middlewares/ST/AI/Validation/Src/pb_decode.o
 *fill*         0x7010ad8e        0x2 
 .text.pb_check_proto3_default_value
                0x7010ad90       0xa4 ./Middlewares/ST/AI/Validation/Src/pb_encode.o
 .text.pb_write
                0x7010ae34       0x2a ./Middlewares/ST/AI/Validation/Src/pb_encode.o
                0x7010ae34                pb_write
 .text.pb_encode_varint
                0x7010ae5e       0x4e ./Middlewares/ST/AI/Validation/Src/pb_encode.o
                0x7010ae5e                pb_encode_varint
 .text.pb_enc_uvarint
                0x7010aeac       0x30 ./Middlewares/ST/AI/Validation/Src/pb_encode.o
 .text.pb_enc_varint
                0x7010aedc       0x34 ./Middlewares/ST/AI/Validation/Src/pb_encode.o
 .text.pb_encode_svarint
                0x7010af10       0x12 ./Middlewares/ST/AI/Validation/Src/pb_encode.o
                0x7010af10                pb_encode_svarint
 .text.pb_enc_svarint
                0x7010af22       0x34 ./Middlewares/ST/AI/Validation/Src/pb_encode.o
 .text.pb_encode_fixed32
                0x7010af56       0x14 ./Middlewares/ST/AI/Validation/Src/pb_encode.o
                0x7010af56                pb_encode_fixed32
 .text.pb_enc_fixed32
                0x7010af6a        0x6 ./Middlewares/ST/AI/Validation/Src/pb_encode.o
 .text.pb_encode_fixed64
                0x7010af70       0x2a ./Middlewares/ST/AI/Validation/Src/pb_encode.o
                0x7010af70                pb_encode_fixed64
 .text.pb_enc_fixed64
                0x7010af9a        0x6 ./Middlewares/ST/AI/Validation/Src/pb_encode.o
 .text.pb_encode_tag
                0x7010afa0       0x16 ./Middlewares/ST/AI/Validation/Src/pb_encode.o
                0x7010afa0                pb_encode_tag
 .text.pb_encode_tag_for_field
                0x7010afb6       0x32 ./Middlewares/ST/AI/Validation/Src/pb_encode.o
                0x7010afb6                pb_encode_tag_for_field
 .text.encode_field
                0x7010afe8      0x1bc ./Middlewares/ST/AI/Validation/Src/pb_encode.o
 .text.pb_encode
                0x7010b1a4       0x68 ./Middlewares/ST/AI/Validation/Src/pb_encode.o
                0x7010b1a4                pb_encode
 .text.pb_encode_string
                0x7010b20c       0x20 ./Middlewares/ST/AI/Validation/Src/pb_encode.o
                0x7010b20c                pb_encode_string
 .text.pb_enc_fixed_length_bytes
                0x7010b22c        0xa ./Middlewares/ST/AI/Validation/Src/pb_encode.o
 .text.pb_enc_string
                0x7010b236       0x34 ./Middlewares/ST/AI/Validation/Src/pb_encode.o
 .text.pb_enc_bytes
                0x7010b26a       0x2c ./Middlewares/ST/AI/Validation/Src/pb_encode.o
 .text.pb_encode_submessage
                0x7010b296       0x82 ./Middlewares/ST/AI/Validation/Src/pb_encode.o
                0x7010b296                pb_encode_submessage
 .text.pb_enc_submessage
                0x7010b318        0xc ./Middlewares/ST/AI/Validation/Src/pb_encode.o
 .text.__assert_func
                0x7010b324       0x3c D:/STM32CubeIDE_2.1.0/STM32CubeIDE/plugins/com.st.stm32cube.ide.mcu.externaltools.gnu-tools-for-stm32.14.3.rel1.win32_1.0.100.202602081740/tools/bin/../lib/gcc/arm-none-eabi/14.3.1/../../../../arm-none-eabi/lib/thumb/v8-m.main+dp/hard\libc_nano.a(libc_a-assert.o)
                0x7010b324                __assert_func
 .text.sbrk_aligned
                0x7010b360       0x44 D:/STM32CubeIDE_2.1.0/STM32CubeIDE/plugins/com.st.stm32cube.ide.mcu.externaltools.gnu-tools-for-stm32.14.3.rel1.win32_1.0.100.202602081740/tools/bin/../lib/gcc/arm-none-eabi/14.3.1/../../../../arm-none-eabi/lib/thumb/v8-m.main+dp/hard\libc_nano.a(libc_a-mallocr.o)
 .text._malloc_r
                0x7010b3a4      0x100 D:/STM32CubeIDE_2.1.0/STM32CubeIDE/plugins/com.st.stm32cube.ide.mcu.externaltools.gnu-tools-for-stm32.14.3.rel1.win32_1.0.100.202602081740/tools/bin/../lib/gcc/arm-none-eabi/14.3.1/../../../../arm-none-eabi/lib/thumb/v8-m.main+dp/hard\libc_nano.a(libc_a-mallocr.o)
                0x7010b3a4                _malloc_r
 .text.__malloc_lock
                0x7010b4a4        0xc D:/STM32CubeIDE_2.1.0/STM32CubeIDE/plugins/com.st.stm32cube.ide.mcu.externaltools.gnu-tools-for-stm32.14.3.rel1.win32_1.0.100.202602081740/tools/bin/../lib/gcc/arm-none-eabi/14.3.1/../../../../arm-none-eabi/lib/thumb/v8-m.main+dp/hard\libc_nano.a(libc_a-mlock.o)
                0x7010b4a4                __malloc_lock
 .text.__malloc_unlock
                0x7010b4b0        0xc D:/STM32CubeIDE_2.1.0/STM32CubeIDE/plugins/com.st.stm32cube.ide.mcu.externaltools.gnu-tools-for-stm32.14.3.rel1.win32_1.0.100.202602081740/tools/bin/../lib/gcc/arm-none-eabi/14.3.1/../../../../arm-none-eabi/lib/thumb/v8-m.main+dp/hard\libc_nano.a(libc_a-mlock.o)
                0x7010b4b0                __malloc_unlock
 .text.__sflush_r
                0x7010b4bc      0x100 D:/STM32CubeIDE_2.1.0/STM32CubeIDE/plugins/com.st.stm32cube.ide.mcu.externaltools.gnu-tools-for-stm32.14.3.rel1.win32_1.0.100.202602081740/tools/bin/../lib/gcc/arm-none-eabi/14.3.1/../../../../arm-none-eabi/lib/thumb/v8-m.main+dp/hard\libc_nano.a(libc_a-fflush.o)
                0x7010b4bc                __sflush_r
 .text._fflush_r
                0x7010b5bc       0x50 D:/STM32CubeIDE_2.1.0/STM32CubeIDE/plugins/com.st.stm32cube.ide.mcu.externaltools.gnu-tools-for-stm32.14.3.rel1.win32_1.0.100.202602081740/tools/bin/../lib/gcc/arm-none-eabi/14.3.1/../../../../arm-none-eabi/lib/thumb/v8-m.main+dp/hard\libc_nano.a(libc_a-fflush.o)
                0x7010b5bc                _fflush_r
 .text.std      0x7010b60c       0x6c D:/STM32CubeIDE_2.1.0/STM32CubeIDE/plugins/com.st.stm32cube.ide.mcu.externaltools.gnu-tools-for-stm32.14.3.rel1.win32_1.0.100.202602081740/tools/bin/../lib/gcc/arm-none-eabi/14.3.1/../../../../arm-none-eabi/lib/thumb/v8-m.main+dp/hard\libc_nano.a(libc_a-findfp.o)
 .text.stdio_exit_handler
                0x7010b678       0x18 D:/STM32CubeIDE_2.1.0/STM32CubeIDE/plugins/com.st.stm32cube.ide.mcu.externaltools.gnu-tools-for-stm32.14.3.rel1.win32_1.0.100.202602081740/tools/bin/../lib/gcc/arm-none-eabi/14.3.1/../../../../arm-none-eabi/lib/thumb/v8-m.main+dp/hard\libc_nano.a(libc_a-findfp.o)
 .text.cleanup_stdio
                0x7010b690       0x40 D:/STM32CubeIDE_2.1.0/STM32CubeIDE/plugins/com.st.stm32cube.ide.mcu.externaltools.gnu-tools-for-stm32.14.3.rel1.win32_1.0.100.202602081740/tools/bin/../lib/gcc/arm-none-eabi/14.3.1/../../../../arm-none-eabi/lib/thumb/v8-m.main+dp/hard\libc_nano.a(libc_a-findfp.o)
 .text.global_stdio_init.part.0
                0x7010b6d0       0x40 D:/STM32CubeIDE_2.1.0/STM32CubeIDE/plugins/com.st.stm32cube.ide.mcu.externaltools.gnu-tools-for-stm32.14.3.rel1.win32_1.0.100.202602081740/tools/bin/../lib/gcc/arm-none-eabi/14.3.1/../../../../arm-none-eabi/lib/thumb/v8-m.main+dp/hard\libc_nano.a(libc_a-findfp.o)
 .text.__sfp_lock_acquire
                0x7010b710        0xc D:/STM32CubeIDE_2.1.0/STM32CubeIDE/plugins/com.st.stm32cube.ide.mcu.externaltools.gnu-tools-for-stm32.14.3.rel1.win32_1.0.100.202602081740/tools/bin/../lib/gcc/arm-none-eabi/14.3.1/../../../../arm-none-eabi/lib/thumb/v8-m.main+dp/hard\libc_nano.a(libc_a-findfp.o)
                0x7010b710                __sfp_lock_acquire
 .text.__sfp_lock_release
                0x7010b71c        0xc D:/STM32CubeIDE_2.1.0/STM32CubeIDE/plugins/com.st.stm32cube.ide.mcu.externaltools.gnu-tools-for-stm32.14.3.rel1.win32_1.0.100.202602081740/tools/bin/../lib/gcc/arm-none-eabi/14.3.1/../../../../arm-none-eabi/lib/thumb/v8-m.main+dp/hard\libc_nano.a(libc_a-findfp.o)
                0x7010b71c                __sfp_lock_release
 .text.__sinit  0x7010b728       0x30 D:/STM32CubeIDE_2.1.0/STM32CubeIDE/plugins/com.st.stm32cube.ide.mcu.externaltools.gnu-tools-for-stm32.14.3.rel1.win32_1.0.100.202602081740/tools/bin/../lib/gcc/arm-none-eabi/14.3.1/../../../../arm-none-eabi/lib/thumb/v8-m.main+dp/hard\libc_nano.a(libc_a-findfp.o)
                0x7010b728                __sinit
 .text.fprintf  0x7010b758       0x24 D:/STM32CubeIDE_2.1.0/STM32CubeIDE/plugins/com.st.stm32cube.ide.mcu.externaltools.gnu-tools-for-stm32.14.3.rel1.win32_1.0.100.202602081740/tools/bin/../lib/gcc/arm-none-eabi/14.3.1/../../../../arm-none-eabi/lib/thumb/v8-m.main+dp/hard\libc_nano.a(libc_a-fprintf.o)
                0x7010b758                fiprintf
                0x7010b758                fprintf
 .text._fwalk_sglue
                0x7010b77c       0x3c D:/STM32CubeIDE_2.1.0/STM32CubeIDE/plugins/com.st.stm32cube.ide.mcu.externaltools.gnu-tools-for-stm32.14.3.rel1.win32_1.0.100.202602081740/tools/bin/../lib/gcc/arm-none-eabi/14.3.1/../../../../arm-none-eabi/lib/thumb/v8-m.main+dp/hard\libc_nano.a(libc_a-fwalk.o)
                0x7010b77c                _fwalk_sglue
 .text.printf   0x7010b7b8       0x24 D:/STM32CubeIDE_2.1.0/STM32CubeIDE/plugins/com.st.stm32cube.ide.mcu.externaltools.gnu-tools-for-stm32.14.3.rel1.win32_1.0.100.202602081740/tools/bin/../lib/gcc/arm-none-eabi/14.3.1/../../../../arm-none-eabi/lib/thumb/v8-m.main+dp/hard\libc_nano.a(libc_a-printf.o)
                0x7010b7b8                iprintf
                0x7010b7b8                printf
 .text._puts_r  0x7010b7dc       0xaa D:/STM32CubeIDE_2.1.0/STM32CubeIDE/plugins/com.st.stm32cube.ide.mcu.externaltools.gnu-tools-for-stm32.14.3.rel1.win32_1.0.100.202602081740/tools/bin/../lib/gcc/arm-none-eabi/14.3.1/../../../../arm-none-eabi/lib/thumb/v8-m.main+dp/hard\libc_nano.a(libc_a-puts.o)
                0x7010b7dc                _puts_r
 *fill*         0x7010b886        0x2 
 .text.puts     0x7010b888       0x10 D:/STM32CubeIDE_2.1.0/STM32CubeIDE/plugins/com.st.stm32cube.ide.mcu.externaltools.gnu-tools-for-stm32.14.3.rel1.win32_1.0.100.202602081740/tools/bin/../lib/gcc/arm-none-eabi/14.3.1/../../../../arm-none-eabi/lib/thumb/v8-m.main+dp/hard\libc_nano.a(libc_a-puts.o)
                0x7010b888                puts
 .text.__sread  0x7010b898       0x22 D:/STM32CubeIDE_2.1.0/STM32CubeIDE/plugins/com.st.stm32cube.ide.mcu.externaltools.gnu-tools-for-stm32.14.3.rel1.win32_1.0.100.202602081740/tools/bin/../lib/gcc/arm-none-eabi/14.3.1/../../../../arm-none-eabi/lib/thumb/v8-m.main+dp/hard\libc_nano.a(libc_a-stdio.o)
                0x7010b898                __sread
 .text.__swrite
                0x7010b8ba       0x38 D:/STM32CubeIDE_2.1.0/STM32CubeIDE/plugins/com.st.stm32cube.ide.mcu.externaltools.gnu-tools-for-stm32.14.3.rel1.win32_1.0.100.202602081740/tools/bin/../lib/gcc/arm-none-eabi/14.3.1/../../../../arm-none-eabi/lib/thumb/v8-m.main+dp/hard\libc_nano.a(libc_a-stdio.o)
                0x7010b8ba                __swrite
 .text.__sseek  0x7010b8f2       0x26 D:/STM32CubeIDE_2.1.0/STM32CubeIDE/plugins/com.st.stm32cube.ide.mcu.externaltools.gnu-tools-for-stm32.14.3.rel1.win32_1.0.100.202602081740/tools/bin/../lib/gcc/arm-none-eabi/14.3.1/../../../../arm-none-eabi/lib/thumb/v8-m.main+dp/hard\libc_nano.a(libc_a-stdio.o)
                0x7010b8f2                __sseek
 .text.__sclose
                0x7010b918        0x8 D:/STM32CubeIDE_2.1.0/STM32CubeIDE/plugins/com.st.stm32cube.ide.mcu.externaltools.gnu-tools-for-stm32.14.3.rel1.win32_1.0.100.202602081740/tools/bin/../lib/gcc/arm-none-eabi/14.3.1/../../../../arm-none-eabi/lib/thumb/v8-m.main+dp/hard\libc_nano.a(libc_a-stdio.o)
                0x7010b918                __sclose
 .text.__swbuf_r
                0x7010b920       0x7c D:/STM32CubeIDE_2.1.0/STM32CubeIDE/plugins/com.st.stm32cube.ide.mcu.externaltools.gnu-tools-for-stm32.14.3.rel1.win32_1.0.100.202602081740/tools/bin/../lib/gcc/arm-none-eabi/14.3.1/../../../../arm-none-eabi/lib/thumb/v8-m.main+dp/hard\libc_nano.a(libc_a-wbuf.o)
                0x7010b920                __swbuf_r
 .text.__swsetup_r
                0x7010b99c       0xa8 D:/STM32CubeIDE_2.1.0/STM32CubeIDE/plugins/com.st.stm32cube.ide.mcu.externaltools.gnu-tools-for-stm32.14.3.rel1.win32_1.0.100.202602081740/tools/bin/../lib/gcc/arm-none-eabi/14.3.1/../../../../arm-none-eabi/lib/thumb/v8-m.main+dp/hard\libc_nano.a(libc_a-wsetup.o)
                0x7010b99c                __swsetup_r
 .text.memset   0x7010ba44       0x10 D:/STM32CubeIDE_2.1.0/STM32CubeIDE/plugins/com.st.stm32cube.ide.mcu.externaltools.gnu-tools-for-stm32.14.3.rel1.win32_1.0.100.202602081740/tools/bin/../lib/gcc/arm-none-eabi/14.3.1/../../../../arm-none-eabi/lib/thumb/v8-m.main+dp/hard\libc_nano.a(libc_a-memset.o)
                0x7010ba44                memset
 .text._strerror_r
                0x7010ba54      0x3cc D:/STM32CubeIDE_2.1.0/STM32CubeIDE/plugins/com.st.stm32cube.ide.mcu.externaltools.gnu-tools-for-stm32.14.3.rel1.win32_1.0.100.202602081740/tools/bin/../lib/gcc/arm-none-eabi/14.3.1/../../../../arm-none-eabi/lib/thumb/v8-m.main+dp/hard\libc_nano.a(libc_a-strerror.o)
                0x7010ba54                _strerror_r
 .text.strerror
                0x7010be20       0x14 D:/STM32CubeIDE_2.1.0/STM32CubeIDE/plugins/com.st.stm32cube.ide.mcu.externaltools.gnu-tools-for-stm32.14.3.rel1.win32_1.0.100.202602081740/tools/bin/../lib/gcc/arm-none-eabi/14.3.1/../../../../arm-none-eabi/lib/thumb/v8-m.main+dp/hard\libc_nano.a(libc_a-strerror.o)
                0x7010be20                strerror
 .text.strncmp  0x7010be34       0x24 D:/STM32CubeIDE_2.1.0/STM32CubeIDE/plugins/com.st.stm32cube.ide.mcu.externaltools.gnu-tools-for-stm32.14.3.rel1.win32_1.0.100.202602081740/tools/bin/../lib/gcc/arm-none-eabi/14.3.1/../../../../arm-none-eabi/lib/thumb/v8-m.main+dp/hard\libc_nano.a(libc_a-strncmp.o)
                0x7010be34                strncmp
 .text._user_strerror
                0x7010be58        0x4 D:/STM32CubeIDE_2.1.0/STM32CubeIDE/plugins/com.st.stm32cube.ide.mcu.externaltools.gnu-tools-for-stm32.14.3.rel1.win32_1.0.100.202602081740/tools/bin/../lib/gcc/arm-none-eabi/14.3.1/../../../../arm-none-eabi/lib/thumb/v8-m.main+dp/hard\libc_nano.a(libc_a-u_strerr.o)
                0x7010be58                _user_strerror
 .text._close_r
                0x7010be5c       0x20 D:/STM32CubeIDE_2.1.0/STM32CubeIDE/plugins/com.st.stm32cube.ide.mcu.externaltools.gnu-tools-for-stm32.14.3.rel1.win32_1.0.100.202602081740/tools/bin/../lib/gcc/arm-none-eabi/14.3.1/../../../../arm-none-eabi/lib/thumb/v8-m.main+dp/hard\libc_nano.a(libc_a-closer.o)
                0x7010be5c                _close_r
 .text._lseek_r
                0x7010be7c       0x24 D:/STM32CubeIDE_2.1.0/STM32CubeIDE/plugins/com.st.stm32cube.ide.mcu.externaltools.gnu-tools-for-stm32.14.3.rel1.win32_1.0.100.202602081740/tools/bin/../lib/gcc/arm-none-eabi/14.3.1/../../../../arm-none-eabi/lib/thumb/v8-m.main+dp/hard\libc_nano.a(libc_a-lseekr.o)
                0x7010be7c                _lseek_r
 .text._read_r  0x7010bea0       0x24 D:/STM32CubeIDE_2.1.0/STM32CubeIDE/plugins/com.st.stm32cube.ide.mcu.externaltools.gnu-tools-for-stm32.14.3.rel1.win32_1.0.100.202602081740/tools/bin/../lib/gcc/arm-none-eabi/14.3.1/../../../../arm-none-eabi/lib/thumb/v8-m.main+dp/hard\libc_nano.a(libc_a-readr.o)
                0x7010bea0                _read_r
 .text._sbrk_r  0x7010bec4       0x20 D:/STM32CubeIDE_2.1.0/STM32CubeIDE/plugins/com.st.stm32cube.ide.mcu.externaltools.gnu-tools-for-stm32.14.3.rel1.win32_1.0.100.202602081740/tools/bin/../lib/gcc/arm-none-eabi/14.3.1/../../../../arm-none-eabi/lib/thumb/v8-m.main+dp/hard\libc_nano.a(libc_a-sbrkr.o)
                0x7010bec4                _sbrk_r
 .text._write_r
                0x7010bee4       0x24 D:/STM32CubeIDE_2.1.0/STM32CubeIDE/plugins/com.st.stm32cube.ide.mcu.externaltools.gnu-tools-for-stm32.14.3.rel1.win32_1.0.100.202602081740/tools/bin/../lib/gcc/arm-none-eabi/14.3.1/../../../../arm-none-eabi/lib/thumb/v8-m.main+dp/hard\libc_nano.a(libc_a-writer.o)
                0x7010bee4                _write_r
 .text.__errno  0x7010bf08        0xc D:/STM32CubeIDE_2.1.0/STM32CubeIDE/plugins/com.st.stm32cube.ide.mcu.externaltools.gnu-tools-for-stm32.14.3.rel1.win32_1.0.100.202602081740/tools/bin/../lib/gcc/arm-none-eabi/14.3.1/../../../../arm-none-eabi/lib/thumb/v8-m.main+dp/hard\libc_nano.a(libc_a-errno.o)
                0x7010bf08                __errno
 .text.__libc_init_array
                0x7010bf14       0x48 D:/STM32CubeIDE_2.1.0/STM32CubeIDE/plugins/com.st.stm32cube.ide.mcu.externaltools.gnu-tools-for-stm32.14.3.rel1.win32_1.0.100.202602081740/tools/bin/../lib/gcc/arm-none-eabi/14.3.1/../../../../arm-none-eabi/lib/thumb/v8-m.main+dp/hard\libc_nano.a(libc_a-init.o)
                0x7010bf14                __libc_init_array
 .text.__retarget_lock_init_recursive
                0x7010bf5c        0x2 D:/STM32CubeIDE_2.1.0/STM32CubeIDE/plugins/com.st.stm32cube.ide.mcu.externaltools.gnu-tools-for-stm32.14.3.rel1.win32_1.0.100.202602081740/tools/bin/../lib/gcc/arm-none-eabi/14.3.1/../../../../arm-none-eabi/lib/thumb/v8-m.main+dp/hard\libc_nano.a(libc_a-lock.o)
                0x7010bf5c                __retarget_lock_init_recursive
 .text.__retarget_lock_acquire_recursive
                0x7010bf5e        0x2 D:/STM32CubeIDE_2.1.0/STM32CubeIDE/plugins/com.st.stm32cube.ide.mcu.externaltools.gnu-tools-for-stm32.14.3.rel1.win32_1.0.100.202602081740/tools/bin/../lib/gcc/arm-none-eabi/14.3.1/../../../../arm-none-eabi/lib/thumb/v8-m.main+dp/hard\libc_nano.a(libc_a-lock.o)
                0x7010bf5e                __retarget_lock_acquire_recursive
 .text.__retarget_lock_release_recursive
                0x7010bf60        0x2 D:/STM32CubeIDE_2.1.0/STM32CubeIDE/plugins/com.st.stm32cube.ide.mcu.externaltools.gnu-tools-for-stm32.14.3.rel1.win32_1.0.100.202602081740/tools/bin/../lib/gcc/arm-none-eabi/14.3.1/../../../../arm-none-eabi/lib/thumb/v8-m.main+dp/hard\libc_nano.a(libc_a-lock.o)
                0x7010bf60                __retarget_lock_release_recursive
 .text.memcpy   0x7010bf62       0x1a D:/STM32CubeIDE_2.1.0/STM32CubeIDE/plugins/com.st.stm32cube.ide.mcu.externaltools.gnu-tools-for-stm32.14.3.rel1.win32_1.0.100.202602081740/tools/bin/../lib/gcc/arm-none-eabi/14.3.1/../../../../arm-none-eabi/lib/thumb/v8-m.main+dp/hard\libc_nano.a(libc_a-memcpy-stub.o)
                0x7010bf62                memcpy
 .text.abort    0x7010bf7c        0xe D:/STM32CubeIDE_2.1.0/STM32CubeIDE/plugins/com.st.stm32cube.ide.mcu.externaltools.gnu-tools-for-stm32.14.3.rel1.win32_1.0.100.202602081740/tools/bin/../lib/gcc/arm-none-eabi/14.3.1/../../../../arm-none-eabi/lib/thumb/v8-m.main+dp/hard\libc_nano.a(libc_a-abort.o)
                0x7010bf7c                abort
 *fill*         0x7010bf8a        0x2 
 .text._free_r  0x7010bf8c       0x94 D:/STM32CubeIDE_2.1.0/STM32CubeIDE/plugins/com.st.stm32cube.ide.mcu.externaltools.gnu-tools-for-stm32.14.3.rel1.win32_1.0.100.202602081740/tools/bin/../lib/gcc/arm-none-eabi/14.3.1/../../../../arm-none-eabi/lib/thumb/v8-m.main+dp/hard\libc_nano.a(libc_a-freer.o)
                0x7010bf8c                _free_r
 .text.__sfputc_r
                0x7010c020       0x2e D:/STM32CubeIDE_2.1.0/STM32CubeIDE/plugins/com.st.stm32cube.ide.mcu.externaltools.gnu-tools-for-stm32.14.3.rel1.win32_1.0.100.202602081740/tools/bin/../lib/gcc/arm-none-eabi/14.3.1/../../../../arm-none-eabi/lib/thumb/v8-m.main+dp/hard\libc_nano.a(libc_a-nano-vfprintf.o)
 .text.__sfputs_r
                0x7010c04e       0x24 D:/STM32CubeIDE_2.1.0/STM32CubeIDE/plugins/com.st.stm32cube.ide.mcu.externaltools.gnu-tools-for-stm32.14.3.rel1.win32_1.0.100.202602081740/tools/bin/../lib/gcc/arm-none-eabi/14.3.1/../../../../arm-none-eabi/lib/thumb/v8-m.main+dp/hard\libc_nano.a(libc_a-nano-vfprintf.o)
                0x7010c04e                __sfputs_r
 *fill*         0x7010c072        0x2 
 .text._vfprintf_r
                0x7010c074      0x228 D:/STM32CubeIDE_2.1.0/STM32CubeIDE/plugins/com.st.stm32cube.ide.mcu.externaltools.gnu-tools-for-stm32.14.3.rel1.win32_1.0.100.202602081740/tools/bin/../lib/gcc/arm-none-eabi/14.3.1/../../../../arm-none-eabi/lib/thumb/v8-m.main+dp/hard\libc_nano.a(libc_a-nano-vfprintf.o)