../../../Drivers/STM32N6xx_HAL_Driver/Inc/stm32n6xx_ll_bus.h:679:22:LL_MEM_EnableClock	8	static
../../../Drivers/STM32N6xx_HAL_Driver/Inc/stm32n6xx_ll_bus.h:1407:22:LL_AHB4_GRP1_EnableClock	8	static
C:/Users/kth59/.stm32cubeaistudio/workspace/ANN_GMPPT/.ai/run/run-1/FSBL/Core/Src/main.c:132:6:SystemClock_Config	224	static,ignoring_inline_asm
C:/Users/kth59/.stm32cubeaistudio/workspace/ANN_GMPPT/.ai/run/run-1/FSBL/Core/Src/main.c:70:5:main	32	static,ignoring_inline_asm
C:/Users/kth59/.stm32cubeaistudio/workspace/ANN_GMPPT/.ai/run/run-1/FSBL/Core/Src/main.c:349:6:Error_Handler	0	static,ignoring_inline_asm
